Archive member included to satisfy reference by file (symbol)

/home/benji2004/.local/share/stm32cube/bundles/gnu-tools-for-stm32/14.3.1+st.2/bin/../lib/gcc/arm-none-eabi/14.3.1/thumb/v7e-m+dp/hard/libgcc.a(_aeabi_uldivmod.o)
                              cmake/stm32cubemx/CMakeFiles/STM32_Drivers.dir/__/__/Drivers/STM32H7xx_HAL_Driver/Src/stm32h7xx_hal_uart.c.obj (__aeabi_uldivmod)
/home/benji2004/.local/share/stm32cube/bundles/gnu-tools-for-stm32/14.3.1+st.2/bin/../lib/gcc/arm-none-eabi/14.3.1/thumb/v7e-m+dp/hard/libgcc.a(_udivmoddi4.o)
                              /home/benji2004/.local/share/stm32cube/bundles/gnu-tools-for-stm32/14.3.1+st.2/bin/../lib/gcc/arm-none-eabi/14.3.1/thumb/v7e-m+dp/hard/libgcc.a(_aeabi_uldivmod.o) (__udivmoddi4)
/home/benji2004/.local/share/stm32cube/bundles/gnu-tools-for-stm32/14.3.1+st.2/bin/../lib/gcc/arm-none-eabi/14.3.1/thumb/v7e-m+dp/hard/libgcc.a(_dvmd_tls.o)
                              /home/benji2004/.local/share/stm32cube/bundles/gnu-tools-for-stm32/14.3.1+st.2/bin/../lib/gcc/arm-none-eabi/14.3.1/thumb/v7e-m+dp/hard/libgcc.a(_aeabi_uldivmod.o) (__aeabi_ldiv0)
/home/benji2004/.local/share/stm32cube/bundles/gnu-tools-for-stm32/14.3.1+st.2/bin/../lib/gcc/arm-none-eabi/14.3.1/../../../../arm-none-eabi/lib/thumb/v7e-m+dp/hard/libg_nano.a(libc_a-exit.o)
                              /home/benji2004/.local/share/stm32cube/bundles/gnu-tools-for-stm32/14.3.1+st.2/bin/../lib/gcc/arm-none-eabi/14.3.1/../../../../arm-none-eabi/lib/thumb/v7e-m+dp/hard/crt0.o (exit)
/home/benji2004/.local/share/stm32cube/bundles/gnu-tools-for-stm32/14.3.1+st.2/bin/../lib/gcc/arm-none-eabi/14.3.1/../../../../arm-none-eabi/lib/thumb/v7e-m+dp/hard/libg_nano.a(libc_a-findfp.o)
                              /home/benji2004/.local/share/stm32cube/bundles/gnu-tools-for-stm32/14.3.1+st.2/bin/../lib/gcc/arm-none-eabi/14.3.1/../../../../arm-none-eabi/lib/thumb/v7e-m+dp/hard/libg_nano.a(libc_a-exit.o) (__stdio_exit_handler)
/home/benji2004/.local/share/stm32cube/bundles/gnu-tools-for-stm32/14.3.1+st.2/bin/../lib/gcc/arm-none-eabi/14.3.1/../../../../arm-none-eabi/lib/thumb/v7e-m+dp/hard/libg_nano.a(libc_a-fwalk.o)
                              /home/benji2004/.local/share/stm32cube/bundles/gnu-tools-for-stm32/14.3.1+st.2/bin/../lib/gcc/arm-none-eabi/14.3.1/../../../../arm-none-eabi/lib/thumb/v7e-m+dp/hard/libg_nano.a(libc_a-findfp.o) (_fwalk_sglue)
/home/benji2004/.local/share/stm32cube/bundles/gnu-tools-for-stm32/14.3.1+st.2/bin/../lib/gcc/arm-none-eabi/14.3.1/../../../../arm-none-eabi/lib/thumb/v7e-m+dp/hard/libg_nano.a(libc_a-stdio.o)
                              /home/benji2004/.local/share/stm32cube/bundles/gnu-tools-for-stm32/14.3.1+st.2/bin/../lib/gcc/arm-none-eabi/14.3.1/../../../../arm-none-eabi/lib/thumb/v7e-m+dp/hard/libg_nano.a(libc_a-findfp.o) (__sread)
/home/benji2004/.local/share/stm32cube/bundles/gnu-tools-for-stm32/14.3.1+st.2/bin/../lib/gcc/arm-none-eabi/14.3.1/../../../../arm-none-eabi/lib/thumb/v7e-m+dp/hard/libg_nano.a(libc_a-memset.o)
                              /home/benji2004/.local/share/stm32cube/bundles/gnu-tools-for-stm32/14.3.1+st.2/bin/../lib/gcc/arm-none-eabi/14.3.1/../../../../arm-none-eabi/lib/thumb/v7e-m+dp/hard/crt0.o (memset)
/home/benji2004/.local/share/stm32cube/bundles/gnu-tools-for-stm32/14.3.1+st.2/bin/../lib/gcc/arm-none-eabi/14.3.1/../../../../arm-none-eabi/lib/thumb/v7e-m+dp/hard/libg_nano.a(libc_a-closer.o)
                              /home/benji2004/.local/share/stm32cube/bundles/gnu-tools-for-stm32/14.3.1+st.2/bin/../lib/gcc/arm-none-eabi/14.3.1/../../../../arm-none-eabi/lib/thumb/v7e-m+dp/hard/libg_nano.a(libc_a-stdio.o) (_close_r)
/home/benji2004/.local/share/stm32cube/bundles/gnu-tools-for-stm32/14.3.1+st.2/bin/../lib/gcc/arm-none-eabi/14.3.1/../../../../arm-none-eabi/lib/thumb/v7e-m+dp/hard/libg_nano.a(libc_a-reent.o)
                              /home/benji2004/.local/share/stm32cube/bundles/gnu-tools-for-stm32/14.3.1+st.2/bin/../lib/gcc/arm-none-eabi/14.3.1/../../../../arm-none-eabi/lib/thumb/v7e-m+dp/hard/libg_nano.a(libc_a-closer.o) (errno)
/home/benji2004/.local/share/stm32cube/bundles/gnu-tools-for-stm32/14.3.1+st.2/bin/../lib/gcc/arm-none-eabi/14.3.1/../../../../arm-none-eabi/lib/thumb/v7e-m+dp/hard/libg_nano.a(libc_a-impure.o)
                              /home/benji2004/.local/share/stm32cube/bundles/gnu-tools-for-stm32/14.3.1+st.2/bin/../lib/gcc/arm-none-eabi/14.3.1/../../../../arm-none-eabi/lib/thumb/v7e-m+dp/hard/libg_nano.a(libc_a-reent.o) (_impure_ptr)
/home/benji2004/.local/share/stm32cube/bundles/gnu-tools-for-stm32/14.3.1+st.2/bin/../lib/gcc/arm-none-eabi/14.3.1/../../../../arm-none-eabi/lib/thumb/v7e-m+dp/hard/libg_nano.a(libc_a-lseekr.o)
                              /home/benji2004/.local/share/stm32cube/bundles/gnu-tools-for-stm32/14.3.1+st.2/bin/../lib/gcc/arm-none-eabi/14.3.1/../../../../arm-none-eabi/lib/thumb/v7e-m+dp/hard/libg_nano.a(libc_a-stdio.o) (_lseek_r)
[...]
Memory Configuration

Name             Origin             Length             Attributes
DTCMRAM          0x20000000         0x00020000         xrw
RAM              0x24000000         0x00080000         xrw
RAM_D2           0x30000000         0x00048000         xrw
RAM_D3           0x38000000         0x00010000         xrw
ITCMRAM          0x00000000         0x00010000         xrw
FLASH            0x08000000         0x00200000         xr
*default*        0x00000000         0xffffffff

Linker script and memory map

LOAD /home/benji2004/.local/share/stm32cube/bundles/gnu-tools-for-stm32/14.3.1+st.2/bin/../lib/gcc/arm-none-eabi/14.3.1/thumb/v7e-m+dp/hard/crti.o
LOAD /home/benji2004/.local/share/stm32cube/bundles/gnu-tools-for-stm32/14.3.1+st.2/bin/../lib/gcc/arm-none-eabi/14.3.1/thumb/v7e-m+dp/hard/crtbegin.o
LOAD /home/benji2004/.local/share/stm32cube/bundles/gnu-tools-for-stm32/14.3.1+st.2/bin/../lib/gcc/arm-none-eabi/14.3.1/../../../../arm-none-eabi/lib/thumb/v7e-m+dp/hard/crt0.o
LOAD cmake/stm32cubemx/CMakeFiles/STM32_Drivers.dir/__/__/Core/Src/system_stm32h7xx.c.obj
LOAD cmake/stm32cubemx/CMakeFiles/STM32_Drivers.dir/__/__/Drivers/STM32H7xx_HAL_Driver/Src/stm32h7xx_hal_cortex.c.obj
LOAD cmake/stm32cubemx/CMakeFiles/STM32_Drivers.dir/__/__/Drivers/STM32H7xx_HAL_Driver/Src/stm32h7xx_hal_rcc.c.obj
LOAD cmake/stm32cubemx/CMakeFiles/STM32_Drivers.dir/__/__/Drivers/STM32H7xx_HAL_Driver/Src/stm32h7xx_hal_rcc_ex.c.obj
LOAD cmake/stm32cubemx/CMakeFiles/STM32_Drivers.dir/__/__/Drivers/STM32H7xx_HAL_Driver/Src/stm32h7xx_hal_flash.c.obj
LOAD cmake/stm32cubemx/CMakeFiles/STM32_Drivers.dir/__/__/Drivers/STM32H7xx_HAL_Driver/Src/stm32h7xx_hal_flash_ex.c.obj
LOAD cmake/stm32cubemx/CMakeFiles/STM32_Drivers.dir/__/__/Drivers/STM32H7xx_HAL_Driver/Src/stm32h7xx_hal_gpio.c.obj
LOAD cmake/stm32cubemx/CMakeFiles/STM32_Drivers.dir/__/__/Drivers/STM32H7xx_HAL_Driver/Src/stm32h7xx_hal_hsem.c.obj
LOAD cmake/stm32cubemx/CMakeFiles/STM32_Drivers.dir/__/__/Drivers/STM32H7xx_HAL_Driver/Src/stm32h7xx_hal_dma.c.obj
LOAD cmake/stm32cubemx/CMakeFiles/STM32_Drivers.dir/__/__/Drivers/STM32H7xx_HAL_Driver/Src/stm32h7xx_hal_dma_ex.c.obj
LOAD cmake/stm32cubemx/CMakeFiles/STM32_Drivers.dir/__/__/Drivers/STM32H7xx_HAL_Driver/Src/stm32h7xx_hal_mdma.c.obj
LOAD cmake/stm32cubemx/CMakeFiles/STM32_Drivers.dir/__/__/Drivers/STM32H7xx_HAL_Driver/Src/stm32h7xx_hal_pwr.c.obj
LOAD cmake/stm32cubemx/CMakeFiles/STM32_Drivers.dir/__/__/Drivers/STM32H7xx_HAL_Driver/Src/stm32h7xx_hal_pwr_ex.c.obj
LOAD cmake/stm32cubemx/CMakeFiles/STM32_Drivers.dir/__/__/Drivers/STM32H7xx_HAL_Driver/Src/stm32h7xx_hal.c.obj
LOAD cmake/stm32cubemx/CMakeFiles/STM32_Drivers.dir/__/__/Drivers/STM32H7xx_HAL_Driver/Src/stm32h7xx_hal_i2c.c.obj
LOAD cmake/stm32cubemx/CMakeFiles/STM32_Drivers.dir/__/__/Drivers/STM32H7xx_HAL_Driver/Src/stm32h7xx_hal_i2c_ex.c.obj
LOAD cmake/stm32cubemx/CMakeFiles/STM32_Drivers.dir/__/__/Drivers/STM32H7xx_HAL_Driver/Src/stm32h7xx_hal_exti.c.obj
LOAD cmake/stm32cubemx/CMakeFiles/STM32_Drivers.dir/__/__/Drivers/STM32H7xx_HAL_Driver/Src/stm32h7xx_hal_tim.c.obj
LOAD cmake/stm32cubemx/CMakeFiles/STM32_Drivers.dir/__/__/Drivers/STM32H7xx_HAL_Driver/Src/stm32h7xx_hal_tim_ex.c.obj
LOAD cmake/stm32cubemx/CMakeFiles/STM32_Drivers.dir/__/__/Drivers/STM32H7xx_HAL_Driver/Src/stm32h7xx_hal_uart.c.obj
LOAD cmake/stm32cubemx/CMakeFiles/STM32_Drivers.dir/__/__/Drivers/STM32H7xx_HAL_Driver/Src/stm32h7xx_hal_uart_ex.c.obj
LOAD cmake/stm32cubemx/CMakeFiles/STM32_Drivers.dir/__/__/Drivers/STM32H7xx_HAL_Driver/Src/stm32h7xx_hal_usart.c.obj
LOAD cmake/stm32cubemx/CMakeFiles/STM32_Drivers.dir/__/__/Drivers/STM32H7xx_HAL_Driver/Src/stm32h7xx_hal_usart_ex.c.obj
LOAD cmake/stm32cubemx/CMakeFiles/STM32_Drivers.dir/__/__/Drivers/BSP/STM32H7xx_Nucleo/stm32h7xx_nucleo.c.obj
LOAD CMakeFiles/bandwithTest.dir/Core/Src/main.c.obj
LOAD CMakeFiles/bandwithTest.dir/Core/Src/gpio.c.obj
LOAD CMakeFiles/bandwithTest.dir/Core/Src/usart.c.obj
LOAD CMakeFiles/bandwithTest.dir/Core/Src/stm32h7xx_it.c.obj
LOAD CMakeFiles/bandwithTest.dir/Core/Src/stm32h7xx_hal_msp.c.obj
LOAD CMakeFiles/bandwithTest.dir/Core/Src/sysmem.c.obj
LOAD CMakeFiles/bandwithTest.dir/Core/Src/syscalls.c.obj
LOAD CMakeFiles/bandwithTest.dir/startup_stm32h743xx.s.obj
LOAD /home/benji2004/.local/share/stm32cube/bundles/gnu-tools-for-stm32/14.3.1+st.2/bin/../lib/gcc/arm-none-eabi/14.3.1/../../../../arm-none-eabi/lib/thumb/v7e-m+dp/hard/libm.a
START GROUP
LOAD /home/benji2004/.local/share/stm32cube/bundles/gnu-tools-for-stm32/14.3.1+st.2/bin/../lib/gcc/arm-none-eabi/14.3.1/thumb/v7e-m+dp/hard/libgcc.a
LOAD /home/benji2004/.local/share/stm32cube/bundles/gnu-tools-for-stm32/14.3.1+st.2/bin/../lib/gcc/arm-none-eabi/14.3.1/../../../../arm-none-eabi/lib/thumb/v7e-m+dp/hard/libg_nano.a
LOAD /home/benji2004/.local/share/stm32cube/bundles/gnu-tools-for-stm32/14.3.1+st.2/bin/../lib/gcc/arm-none-eabi/14.3.1/../../../../arm-none-eabi/lib/thumb/v7e-m+dp/hard/libc_nano.a
END GROUP
START GROUP
LOAD /home/benji2004/.local/share/stm32cube/bundles/gnu-tools-for-stm32/14.3.1+st.2/bin/../lib/gcc/arm-none-eabi/14.3.1/thumb/v7e-m+dp/hard/libgcc.a
LOAD /home/benji2004/.local/share/stm32cube/bundles/gnu-tools-for-stm32/14.3.1+st.2/bin/../lib/gcc/arm-none-eabi/14.3.1/../../../../arm-none-eabi/lib/thumb/v7e-m+dp/hard/libc_nano.a
END GROUP
LOAD /home/benji2004/.local/share/stm32cube/bundles/gnu-tools-for-stm32/14.3.1+st.2/bin/../lib/gcc/arm-none-eabi/14.3.1/thumb/v7e-m+dp/hard/crtend.o
LOAD /home/benji2004/.local/share/stm32cube/bundles/gnu-tools-for-stm32/14.3.1+st.2/bin/../lib/gcc/arm-none-eabi/14.3.1/thumb/v7e-m+dp/hard/crtn.o
                0x20020000                        _estack = (ORIGIN (DTCMRAM) + LENGTH (DTCMRAM))
                0x00000200                        _Min_Heap_Size = 0x200
                0x00000400                        _Min_Stack_Size = 0x400

.isr_vector     0x08000000      0x298
                0x08000000                        . = ALIGN (0x4)
 *(.isr_vector)
 .isr_vector    0x08000000      0x298 CMakeFiles/bandwithTest.dir/startup_stm32h743xx.s.obj
                0x08000000                g_pfnVectors
                0x08000298                        . = ALIGN (0x4)

.text           0x08000298     0x7878
                0x08000298                        . = ALIGN (0x4)
 *(.text)
 .text          0x08000298       0x40 /home/benji2004/.local/share/stm32cube/bundles/gnu-tools-for-stm32/14.3.1+st.2/bin/../lib/gcc/arm-none-eabi/14.3.1/thumb/v7e-m+dp/hard/crtbegin.o
 .text          0x080002d8       0x30 /home/benji2004/.local/share/stm32cube/bundles/gnu-tools-for-stm32/14.3.1+st.2/bin/../lib/gcc/arm-none-eabi/14.3.1/thumb/v7e-m+dp/hard/libgcc.a(_aeabi_uldivmod.o)
                0x080002d8                __aeabi_uldivmod
 .text          0x08000308      0x2f8 /home/benji2004/.local/share/stm32cube/bundles/gnu-tools-for-stm32/14.3.1+st.2/bin/../lib/gcc/arm-none-eabi/14.3.1/thumb/v7e-m+dp/hard/libgcc.a(_udivmoddi4.o)
                0x08000308                __udivmoddi4
 .text          0x08000600        0x4 /home/benji2004/.local/share/stm32cube/bundles/gnu-tools-for-stm32/14.3.1+st.2/bin/../lib/gcc/arm-none-eabi/14.3.1/thumb/v7e-m+dp/hard/libgcc.a(_dvmd_tls.o)
                0x08000600                __aeabi_ldiv0
                0x08000600                __aeabi_idiv0
 *(.text*)
 .text.SystemInit
                0x08000604      0x140 cmake/stm32cubemx/CMakeFiles/STM32_Drivers.dir/__/__/Core/Src/system_stm32h7xx.c.obj
                0x08000604                SystemInit
 .text.ExitRun0Mode
                0x08000744       0x30 cmake/stm32cubemx/CMakeFiles/STM32_Drivers.dir/__/__/Core/Src/system_stm32h7xx.c.obj
                0x08000744                ExitRun0Mode
 .text.__NVIC_SetPriorityGrouping
                0x08000774       0x48 cmake/stm32cubemx/CMakeFiles/STM32_Drivers.dir/__/__/Drivers/STM32H7xx_HAL_Driver/Src/stm32h7xx_hal_cortex.c.obj
 .text.__NVIC_GetPriorityGrouping
                0x080007bc       0x1c cmake/stm32cubemx/CMakeFiles/STM32_Drivers.dir/__/__/Drivers/STM32H7xx_HAL_Driver/Src/stm32h7xx_hal_cortex.c.obj
 .text.__NVIC_EnableIRQ
                0x080007d8       0x3c cmake/stm32cubemx/CMakeFiles/STM32_Drivers.dir/__/__/Drivers/STM32H7xx_HAL_Driver/Src/stm32h7xx_hal_cortex.c.obj
 .text.__NVIC_SetPriority
                0x08000814       0x54 cmake/stm32cubemx/CMakeFiles/STM32_Drivers.dir/__/__/Drivers/STM32H7xx_HAL_Driver/Src/stm32h7xx_hal_cortex.c.obj
 .text.NVIC_EncodePriority
                0x08000868       0x66 cmake/stm32cubemx/CMakeFiles/STM32_Drivers.dir/__/__/Drivers/STM32H7xx_HAL_Driver/Src/stm32h7xx_hal_cortex.c.obj
 *fill*         0x080008ce        0x2 
 .text.SysTick_Config
                0x080008d0       0x44 cmake/stm32cubemx/CMakeFiles/STM32_Drivers.dir/__/__/Drivers/STM32H7xx_HAL_Driver/Src/stm32h7xx_hal_cortex.c.obj
 .text.HAL_NVIC_SetPriorityGrouping
                0x08000914       0x16 cmake/stm32cubemx/CMakeFiles/STM32_Drivers.dir/__/__/Drivers/STM32H7xx_HAL_Driver/Src/stm32h7xx_hal_cortex.c.obj
                0x08000914                HAL_NVIC_SetPriorityGrouping
 .text.HAL_NVIC_SetPriority
                0x0800092a       0x34 cmake/stm32cubemx/CMakeFiles/STM32_Drivers.dir/__/__/Drivers/STM32H7xx_HAL_Driver/Src/stm32h7xx_hal_cortex.c.obj
                0x0800092a                HAL_NVIC_SetPriority
 .text.HAL_NVIC_EnableIRQ
                0x0800095e       0x1c cmake/stm32cubemx/CMakeFiles/STM32_Drivers.dir/__/__/Drivers/STM32H7xx_HAL_Driver/Src/stm32h7xx_hal_cortex.c.obj
                0x0800095e                HAL_NVIC_EnableIRQ
 .text.HAL_SYSTICK_Config
                0x0800097a       0x18 cmake/stm32cubemx/CMakeFiles/STM32_Drivers.dir/__/__/Drivers/STM32H7xx_HAL_Driver/Src/stm32h7xx_hal_cortex.c.obj
                0x0800097a                HAL_SYSTICK_Config
 *fill*         0x08000992        0x2 
 .text.HAL_MPU_Disable
                0x08000994       0x30 cmake/stm32cubemx/CMakeFiles/STM32_Drivers.dir/__/__/Drivers/STM32H7xx_HAL_Driver/Src/stm32h7xx_hal_cortex.c.obj
                0x08000994                HAL_MPU_Disable
 .text.HAL_MPU_Enable
                0x080009c4       0x40 cmake/stm32cubemx/CMakeFiles/STM32_Drivers.dir/__/__/Drivers/STM32H7xx_HAL_Driver/Src/stm32h7xx_hal_cortex.c.obj
                0x080009c4                HAL_MPU_Enable
 .text.HAL_MPU_ConfigRegion
                0x08000a04       0x80 cmake/stm32cubemx/CMakeFiles/STM32_Drivers.dir/__/__/Drivers/STM32H7xx_HAL_Driver/Src/stm32h7xx_hal_cortex.c.obj
                0x08000a04                HAL_MPU_ConfigRegion
 .text.HAL_RCC_OscConfig
                0x08000a84      0x8b4 cmake/stm32cubemx/CMakeFiles/STM32_Drivers.dir/__/__/Drivers/STM32H7xx_HAL_Driver/Src/stm32h7xx_hal_rcc.c.obj
                0x08000a84                HAL_RCC_OscConfig
 .text.HAL_RCC_ClockConfig
                0x08001338      0x36c cmake/stm32cubemx/CMakeFiles/STM32_Drivers.dir/__/__/Drivers/STM32H7xx_HAL_Driver/Src/stm32h7xx_hal_rcc.c.obj
                0x08001338                HAL_RCC_ClockConfig
 .text.HAL_RCC_GetSysClockFreq
                0x080016a4      0x2f4 cmake/stm32cubemx/CMakeFiles/STM32_Drivers.dir/__/__/Drivers/STM32H7xx_HAL_Driver/Src/stm32h7xx_hal_rcc.c.obj
                0x080016a4                HAL_RCC_GetSysClockFreq
 .text.HAL_RCC_GetHCLKFreq
                0x08001998       0x60 cmake/stm32cubemx/CMakeFiles/STM32_Drivers.dir/__/__/Drivers/STM32H7xx_HAL_Driver/Src/stm32h7xx_hal_rcc.c.obj
                0x08001998                HAL_RCC_GetHCLKFreq
 .text.HAL_RCC_GetPCLK1Freq
                0x080019f8       0x2c cmake/stm32cubemx/CMakeFiles/STM32_Drivers.dir/__/__/Drivers/STM32H7xx_HAL_Driver/Src/stm32h7xx_hal_rcc.c.obj
                0x080019f8                HAL_RCC_GetPCLK1Freq
 .text.HAL_RCC_GetPCLK2Freq
                0x08001a24       0x2c cmake/stm32cubemx/CMakeFiles/STM32_Drivers.dir/__/__/Drivers/STM32H7xx_HAL_Driver/Src/stm32h7xx_hal_rcc.c.obj
                0x08001a24                HAL_RCC_GetPCLK2Freq
 .text.HAL_RCCEx_PeriphCLKConfig
                0x08001a50     0x1414 cmake/stm32cubemx/CMakeFiles/STM32_Drivers.dir/__/__/Drivers/STM32H7xx_HAL_Driver/Src/stm32h7xx_hal_rcc_ex.c.obj
                0x08001a50                HAL_RCCEx_PeriphCLKConfig
 .text.HAL_RCCEx_GetD3PCLK1Freq
                0x08002e64       0x2c cmake/stm32cubemx/CMakeFiles/STM32_Drivers.dir/__/__/Drivers/STM32H7xx_HAL_Driver/Src/stm32h7xx_hal_rcc_ex.c.obj
                0x08002e64                HAL_RCCEx_GetD3PCLK1Freq
 .text.HAL_RCCEx_GetPLL2ClockFreq
                0x08002e90      0x2a8 cmake/stm32cubemx/CMakeFiles/STM32_Drivers.dir/__/__/Drivers/STM32H7xx_HAL_Driver/Src/stm32h7xx_hal_rcc_ex.c.obj
                0x08002e90                HAL_RCCEx_GetPLL2ClockFreq
 .text.HAL_RCCEx_GetPLL3ClockFreq
                0x08003138      0x2a8 cmake/stm32cubemx/CMakeFiles/STM32_Drivers.dir/__/__/Drivers/STM32H7xx_HAL_Driver/Src/stm32h7xx_hal_rcc_ex.c.obj
                0x08003138                HAL_RCCEx_GetPLL3ClockFreq
 .text.RCCEx_PLL2_Config
                0x080033e0      0x164 cmake/stm32cubemx/CMakeFiles/STM32_Drivers.dir/__/__/Drivers/STM32H7xx_HAL_Driver/Src/stm32h7xx_hal_rcc_ex.c.obj
 .text.RCCEx_PLL3_Config
                0x08003544      0x164 cmake/stm32cubemx/CMakeFiles/STM32_Drivers.dir/__/__/Drivers/STM32H7xx_HAL_Driver/Src/stm32h7xx_hal_rcc_ex.c.obj
 .text.HAL_GPIO_Init
                0x080036a8      0x360 cmake/stm32cubemx/CMakeFiles/STM32_Drivers.dir/__/__/Drivers/STM32H7xx_HAL_Driver/Src/stm32h7xx_hal_gpio.c.obj
                0x080036a8                HAL_GPIO_Init
 .text.HAL_GPIO_WritePin
                0x08003a08       0x32 cmake/stm32cubemx/CMakeFiles/STM32_Drivers.dir/__/__/Drivers/STM32H7xx_HAL_Driver/Src/stm32h7xx_hal_gpio.c.obj
                0x08003a08                HAL_GPIO_WritePin
 *fill*         0x08003a3a        0x2 
 .text.HAL_DMA_Abort
                0x08003a3c      0x63c cmake/stm32cubemx/CMakeFiles/STM32_Drivers.dir/__/__/Drivers/STM32H7xx_HAL_Driver/Src/stm32h7xx_hal_dma.c.obj
                0x08003a3c                HAL_DMA_Abort
 .text.HAL_DMA_Abort_IT
                0x08004078      0x48c cmake/stm32cubemx/CMakeFiles/STM32_Drivers.dir/__/__/Drivers/STM32H7xx_HAL_Driver/Src/stm32h7xx_hal_dma.c.obj
                0x08004078                HAL_DMA_Abort_IT
 .text.HAL_PWREx_ConfigSupply
                0x08004504       0x74 cmake/stm32cubemx/CMakeFiles/STM32_Drivers.dir/__/__/Drivers/STM32H7xx_HAL_Driver/Src/stm32h7xx_hal_pwr_ex.c.obj
                0x08004504                HAL_PWREx_ConfigSupply
 .text.HAL_Init
                0x08004578       0x78 cmake/stm32cubemx/CMakeFiles/STM32_Drivers.dir/__/__/Drivers/STM32H7xx_HAL_Driver/Src/stm32h7xx_hal.c.obj
                0x08004578                HAL_Init
 .text.HAL_InitTick
                0x080045f0       0x6c cmake/stm32cubemx/CMakeFiles/STM32_Drivers.dir/__/__/Drivers/STM32H7xx_HAL_Driver/Src/stm32h7xx_hal.c.obj
                0x080045f0                HAL_InitTick
 .text.HAL_IncTick
                0x0800465c       0x28 cmake/stm32cubemx/CMakeFiles/STM32_Drivers.dir/__/__/Drivers/STM32H7xx_HAL_Driver/Src/stm32h7xx_hal.c.obj
                0x0800465c                HAL_IncTick
 .text.HAL_GetTick
                0x08004684       0x18 cmake/stm32cubemx/CMakeFiles/STM32_Drivers.dir/__/__/Drivers/STM32H7xx_HAL_Driver/Src/stm32h7xx_hal.c.obj
                0x08004684                HAL_GetTick
 .text.HAL_GetREVID
                0x0800469c       0x18 cmake/stm32cubemx/CMakeFiles/STM32_Drivers.dir/__/__/Drivers/STM32H7xx_HAL_Driver/Src/stm32h7xx_hal.c.obj
                0x0800469c                HAL_GetREVID
 .text.HAL_EXTI_RegisterCallback
                0x080046b4       0x3e cmake/stm32cubemx/CMakeFiles/STM32_Drivers.dir/__/__/Drivers/STM32H7xx_HAL_Driver/Src/stm32h7xx_hal_exti.c.obj
                0x080046b4                HAL_EXTI_RegisterCallback
 .text.HAL_EXTI_GetHandle
                0x080046f2       0x28 cmake/stm32cubemx/CMakeFiles/STM32_Drivers.dir/__/__/Drivers/STM32H7xx_HAL_Driver/Src/stm32h7xx_hal_exti.c.obj
                0x080046f2                HAL_EXTI_GetHandle
 *fill*         0x0800471a        0x2 
 .text.HAL_EXTI_IRQHandler
                0x0800471c       0x60 cmake/stm32cubemx/CMakeFiles/STM32_Drivers.dir/__/__/Drivers/STM32H7xx_HAL_Driver/Src/stm32h7xx_hal_exti.c.obj
                0x0800471c                HAL_EXTI_IRQHandler
 .text.HAL_UART_Init
                0x0800477c       0xa0 cmake/stm32cubemx/CMakeFiles/STM32_Drivers.dir/__/__/Drivers/STM32H7xx_HAL_Driver/Src/stm32h7xx_hal_uart.c.obj
                0x0800477c                HAL_UART_Init
 .text.HAL_UART_Transmit_IT
                0x0800481c      0x128 cmake/stm32cubemx/CMakeFiles/STM32_Drivers.dir/__/__/Drivers/STM32H7xx_HAL_Driver/Src/stm32h7xx_hal_uart.c.obj
                0x0800481c                HAL_UART_Transmit_IT
 .text.HAL_UART_Receive_IT
                0x08004944       0x98 cmake/stm32cubemx/CMakeFiles/STM32_Drivers.dir/__/__/Drivers/STM32H7xx_HAL_Driver/Src/stm32h7xx_hal_uart.c.obj
                0x08004944                HAL_UART_Receive_IT
 .text.HAL_UART_IRQHandler
                0x080049dc      0x7ac cmake/stm32cubemx/CMakeFiles/STM32_Drivers.dir/__/__/Drivers/STM32H7xx_HAL_Driver/Src/stm32h7xx_hal_uart.c.obj
                0x080049dc                HAL_UART_IRQHandler
 .text.HAL_UART_TxCpltCallback
                0x08005188       0x14 cmake/stm32cubemx/CMakeFiles/STM32_Drivers.dir/__/__/Drivers/STM32H7xx_HAL_Driver/Src/stm32h7xx_hal_uart.c.obj
                0x08005188                HAL_UART_TxCpltCallback
 .text.HAL_UART_ErrorCallback
                0x0800519c       0x14 cmake/stm32cubemx/CMakeFiles/STM32_Drivers.dir/__/__/Drivers/STM32H7xx_HAL_Driver/Src/stm32h7xx_hal_uart.c.obj
                0x0800519c                HAL_UART_ErrorCallback
 .text.HAL_UARTEx_RxEventCallback
                0x080051b0       0x18 cmake/stm32cubemx/CMakeFiles/STM32_Drivers.dir/__/__/Drivers/STM32H7xx_HAL_Driver/Src/stm32h7xx_hal_uart.c.obj
                0x080051b0                HAL_UARTEx_RxEventCallback
 .text.UART_SetConfig
                0x080051c8      0xad0 cmake/stm32cubemx/CMakeFiles/STM32_Drivers.dir/__/__/Drivers/STM32H7xx_HAL_Driver/Src/stm32h7xx_hal_uart.c.obj
                0x080051c8                UART_SetConfig
 .text.UART_AdvFeatureConfig
                0x08005c98      0x144 cmake/stm32cubemx/CMakeFiles/STM32_Drivers.dir/__/__/Drivers/STM32H7xx_HAL_Driver/Src/stm32h7xx_hal_uart.c.obj
                0x08005c98                UART_AdvFeatureConfig
 .text.UART_CheckIdleState
                0x08005ddc      0x154 cmake/stm32cubemx/CMakeFiles/STM32_Drivers.dir/__/__/Drivers/STM32H7xx_HAL_Driver/Src/stm32h7xx_hal_uart.c.obj
                0x08005ddc                UART_CheckIdleState
 .text.UART_WaitOnFlagUntilTimeout
                0x08005f30       0xda cmake/stm32cubemx/CMakeFiles/STM32_Drivers.dir/__/__/Drivers/STM32H7xx_HAL_Driver/Src/stm32h7xx_hal_uart.c.obj
                0x08005f30                UART_WaitOnFlagUntilTimeout
 *fill*         0x0800600a        0x2 
 .text.UART_Start_Receive_IT
                0x0800600c      0x244 cmake/stm32cubemx/CMakeFiles/STM32_Drivers.dir/__/__/Drivers/STM32H7xx_HAL_Driver/Src/stm32h7xx_hal_uart.c.obj
                0x0800600c                UART_Start_Receive_IT
 .text.UART_EndRxTransfer
                0x08006250       0xcc cmake/stm32cubemx/CMakeFiles/STM32_Drivers.dir/__/__/Drivers/STM32H7xx_HAL_Driver/Src/stm32h7xx_hal_uart.c.obj
 .text.UART_DMAAbortOnError
                0x0800631c       0x24 cmake/stm32cubemx/CMakeFiles/STM32_Drivers.dir/__/__/Drivers/STM32H7xx_HAL_Driver/Src/stm32h7xx_hal_uart.c.obj
 .text.UART_TxISR_8BIT
                0x08006340       0xb8 cmake/stm32cubemx/CMakeFiles/STM32_Drivers.dir/__/__/Drivers/STM32H7xx_HAL_Driver/Src/stm32h7xx_hal_uart.c.obj
 .text.UART_TxISR_16BIT
                0x080063f8       0xc2 cmake/stm32cubemx/CMakeFiles/STM32_Drivers.dir/__/__/Drivers/STM32H7xx_HAL_Driver/Src/stm32h7xx_hal_uart.c.obj
 .text.UART_TxISR_8BIT_FIFOEN
                0x080064ba       0xe0 cmake/stm32cubemx/CMakeFiles/STM32_Drivers.dir/__/__/Drivers/STM32H7xx_HAL_Driver/Src/stm32h7xx_hal_uart.c.obj
 .text.UART_TxISR_16BIT_FIFOEN
                0x0800659a       0xea cmake/stm32cubemx/CMakeFiles/STM32_Drivers.dir/__/__/Drivers/STM32H7xx_HAL_Driver/Src/stm32h7xx_hal_uart.c.obj
 .text.UART_EndTransmit_IT
                0x08006684       0x56 cmake/stm32cubemx/CMakeFiles/STM32_Drivers.dir/__/__/Drivers/STM32H7xx_HAL_Driver/Src/stm32h7xx_hal_uart.c.obj
 *fill*         0x080066da        0x2 
 .text.UART_RxISR_8BIT
                0x080066dc      0x1b8 cmake/stm32cubemx/CMakeFiles/STM32_Drivers.dir/__/__/Drivers/STM32H7xx_HAL_Driver/Src/stm32h7xx_hal_uart.c.obj
 .text.UART_RxISR_16BIT
                0x08006894      0x1b8 cmake/stm32cubemx/CMakeFiles/STM32_Drivers.dir/__/__/Drivers/STM32H7xx_HAL_Driver/Src/stm32h7xx_hal_uart.c.obj
 .text.UART_RxISR_8BIT_FIFOEN
                0x08006a4c      0x364 cmake/stm32cubemx/CMakeFiles/STM32_Drivers.dir/__/__/Drivers/STM32H7xx_HAL_Driver/Src/stm32h7xx_hal_uart.c.obj
 .text.UART_RxISR_16BIT_FIFOEN
                0x08006db0      0x36c cmake/stm32cubemx/CMakeFiles/STM32_Drivers.dir/__/__/Drivers/STM32H7xx_HAL_Driver/Src/stm32h7xx_hal_uart.c.obj
 .text.HAL_UARTEx_WakeupCallback
                0x0800711c       0x14 cmake/stm32cubemx/CMakeFiles/STM32_Drivers.dir/__/__/Drivers/STM32H7xx_HAL_Driver/Src/stm32h7xx_hal_uart_ex.c.obj
                0x0800711c                HAL_UARTEx_WakeupCallback
 .text.HAL_UARTEx_RxFifoFullCallback
                0x08007130       0x14 cmake/stm32cubemx/CMakeFiles/STM32_Drivers.dir/__/__/Drivers/STM32H7xx_HAL_Driver/Src/stm32h7xx_hal_uart_ex.c.obj
                0x08007130                HAL_UARTEx_RxFifoFullCallback
 .text.HAL_UARTEx_TxFifoEmptyCallback
                0x08007144       0x14 cmake/stm32cubemx/CMakeFiles/STM32_Drivers.dir/__/__/Drivers/STM32H7xx_HAL_Driver/Src/stm32h7xx_hal_uart_ex.c.obj
                0x08007144                HAL_UARTEx_TxFifoEmptyCallback
 .text.HAL_UARTEx_DisableFifoMode
                0x08007158       0x72 cmake/stm32cubemx/CMakeFiles/STM32_Drivers.dir/__/__/Drivers/STM32H7xx_HAL_Driver/Src/stm32h7xx_hal_uart_ex.c.obj
                0x08007158                HAL_UARTEx_DisableFifoMode
 .text.HAL_UARTEx_SetTxFifoThreshold
                0x080071ca       0x7c cmake/stm32cubemx/CMakeFiles/STM32_Drivers.dir/__/__/Drivers/STM32H7xx_HAL_Driver/Src/stm32h7xx_hal_uart_ex.c.obj
                0x080071ca                HAL_UARTEx_SetTxFifoThreshold
 .text.HAL_UARTEx_SetRxFifoThreshold
                0x08007246       0x7c cmake/stm32cubemx/CMakeFiles/STM32_Drivers.dir/__/__/Drivers/STM32H7xx_HAL_Driver/Src/stm32h7xx_hal_uart_ex.c.obj
                0x08007246                HAL_UARTEx_SetRxFifoThreshold
 *fill*         0x080072c2        0x2 
 .text.UARTEx_SetNbDataToProcess
                0x080072c4       0x9c cmake/stm32cubemx/CMakeFiles/STM32_Drivers.dir/__/__/Drivers/STM32H7xx_HAL_Driver/Src/stm32h7xx_hal_uart_ex.c.obj
 .text.BSP_LED_Init
                0x08007360       0xec cmake/stm32cubemx/CMakeFiles/STM32_Drivers.dir/__/__/Drivers/BSP/STM32H7xx_Nucleo/stm32h7xx_nucleo.c.obj
                0x08007360                BSP_LED_Init
 .text.BSP_PB_Init
                0x0800744c       0xe4 cmake/stm32cubemx/CMakeFiles/STM32_Drivers.dir/__/__/Drivers/BSP/STM32H7xx_Nucleo/stm32h7xx_nucleo.c.obj
                0x0800744c                BSP_PB_Init
 .text.BSP_PB_IRQHandler
                0x08007530       0x24 cmake/stm32cubemx/CMakeFiles/STM32_Drivers.dir/__/__/Drivers/BSP/STM32H7xx_Nucleo/stm32h7xx_nucleo.c.obj
                0x08007530                BSP_PB_IRQHandler
 .text.BSP_PB_Callback
                0x08007554       0x16 cmake/stm32cubemx/CMakeFiles/STM32_Drivers.dir/__/__/Drivers/BSP/STM32H7xx_Nucleo/stm32h7xx_nucleo.c.obj
                0x08007554                BSP_PB_Callback
 .text.BUTTON_USER_EXTI_Callback
                0x0800756a        0xe cmake/stm32cubemx/CMakeFiles/STM32_Drivers.dir/__/__/Drivers/BSP/STM32H7xx_Nucleo/stm32h7xx_nucleo.c.obj
 .text.main     0x08007578       0x64 CMakeFiles/bandwithTest.dir/Core/Src/main.c.obj
                0x08007578                main
 .text.SystemClock_Config
                0x080075dc       0xd4 CMakeFiles/bandwithTest.dir/Core/Src/main.c.obj
                0x080075dc                SystemClock_Config
 .text.MPU_Config
                0x080076b0       0x58 CMakeFiles/bandwithTest.dir/Core/Src/main.c.obj
 .text.Error_Handler
                0x08007708        0xc CMakeFiles/bandwithTest.dir/Core/Src/main.c.obj
                0x08007708                Error_Handler
 .text.MX_GPIO_Init
                0x08007714       0x90 CMakeFiles/bandwithTest.dir/Core/Src/gpio.c.obj
                0x08007714                MX_GPIO_Init
 .text.MX_USART3_UART_Init
                0x080077a4       0x98 CMakeFiles/bandwithTest.dir/Core/Src/usart.c.obj
                0x080077a4                MX_USART3_UART_Init
 .text.HAL_UART_MspInit
                0x0800783c       0xe4 CMakeFiles/bandwithTest.dir/Core/Src/usart.c.obj
                0x0800783c                HAL_UART_MspInit
 .text.HAL_UART_RxCpltCallback
                0x08007920       0x54 CMakeFiles/bandwithTest.dir/Core/Src/usart.c.obj
                0x08007920                HAL_UART_RxCpltCallback
 .text.NMI_Handler
                0x08007974        0x8 CMakeFiles/bandwithTest.dir/Core/Src/stm32h7xx_it.c.obj
                0x08007974                NMI_Handler
 .text.HardFault_Handler
                0x0800797c        0x8 CMakeFiles/bandwithTest.dir/Core/Src/stm32h7xx_it.c.obj
                0x0800797c                HardFault_Handler
 .text.MemManage_Handler
                0x08007984        0x8 CMakeFiles/bandwithTest.dir/Core/Src/stm32h7xx_it.c.obj
                0x08007984                MemManage_Handler
 .text.BusFault_Handler
                0x0800798c        0x8 CMakeFiles/bandwithTest.dir/Core/Src/stm32h7xx_it.c.obj
                0x0800798c                BusFault_Handler
 .text.UsageFault_Handler
                0x08007994        0x8 CMakeFiles/bandwithTest.dir/Core/Src/stm32h7xx_it.c.obj
                0x08007994                UsageFault_Handler
 .text.SVC_Handler
                0x0800799c        0xe CMakeFiles/bandwithTest.dir/Core/Src/stm32h7xx_it.c.obj
                0x0800799c                SVC_Handler
 .text.DebugMon_Handler
                0x080079aa        0xe CMakeFiles/bandwithTest.dir/Core/Src/stm32h7xx_it.c.obj
                0x080079aa                DebugMon_Handler
 .text.PendSV_Handler
                0x080079b8        0xe CMakeFiles/bandwithTest.dir/Core/Src/stm32h7xx_it.c.obj
                0x080079b8                PendSV_Handler
 .text.SysTick_Handler
                0x080079c6        0xc CMakeFiles/bandwithTest.dir/Core/Src/stm32h7xx_it.c.obj
                0x080079c6                SysTick_Handler
 *fill*         0x080079d2        0x2 
 .text.USART3_IRQHandler
                0x080079d4       0x14 CMakeFiles/bandwithTest.dir/Core/Src/stm32h7xx_it.c.obj
                0x080079d4                USART3_IRQHandler
 .text.EXTI15_10_IRQHandler
                0x080079e8        0xe CMakeFiles/bandwithTest.dir/Core/Src/stm32h7xx_it.c.obj
                0x080079e8                EXTI15_10_IRQHandler
 *fill*         0x080079f6        0x2 
 .text.HAL_MspInit
                0x080079f8       0x34 CMakeFiles/bandwithTest.dir/Core/Src/stm32h7xx_hal_msp.c.obj
                0x080079f8                HAL_MspInit
 .text.Reset_Handler
                0x08007a2c       0x54 CMakeFiles/bandwithTest.dir/startup_stm32h743xx.s.obj
                0x08007a2c                Reset_Handler
 .text.Default_Handler
                0x08007a80        0x2 CMakeFiles/bandwithTest.dir/startup_stm32h743xx.s.obj
                0x08007a80                RTC_Alarm_IRQHandler
                0x08007a80                EXTI2_IRQHandler
                0x08007a80                TIM8_CC_IRQHandler
                0x08007a80                HRTIM1_Master_IRQHandler
                0x08007a80                UART8_IRQHandler
                0x08007a80                SPI4_IRQHandler
                0x08007a80                TIM1_CC_IRQHandler
                0x08007a80                BDMA_Channel6_IRQHandler
                0x08007a80                DMA2_Stream5_IRQHandler
                0x08007a80                HRTIM1_FLT_IRQHandler
                0x08007a80                JPEG_IRQHandler
                0x08007a80                DMA1_Stream5_IRQHandler
                0x08007a80                BDMA_Channel1_IRQHandler
                0x08007a80                HRTIM1_TIMD_IRQHandler
                0x08007a80                TAMP_STAMP_IRQHandler
                0x08007a80                EXTI3_IRQHandler
                0x08007a80                LPTIM4_IRQHandler
                0x08007a80                TIM8_TRG_COM_TIM14_IRQHandler
                0x08007a80                LPTIM2_IRQHandler
                0x08007a80                DFSDM1_FLT1_IRQHandler
                0x08007a80                DMAMUX2_OVR_IRQHandler
                0x08007a80                TIM8_UP_TIM13_IRQHandler
                0x08007a80                I2C3_ER_IRQHandler
                0x08007a80                DFSDM1_FLT2_IRQHandler
                0x08007a80                MDMA_IRQHandler
                0x08007a80                LPTIM3_IRQHandler
                0x08007a80                HSEM1_IRQHandler
                0x08007a80                EXTI0_IRQHandler
                0x08007a80                I2C2_EV_IRQHandler
                0x08007a80                DMA1_Stream2_IRQHandler
                0x08007a80                FPU_IRQHandler
                0x08007a80                OTG_HS_WKUP_IRQHandler
                0x08007a80                FDCAN1_IT1_IRQHandler
                0x08007a80                LTDC_ER_IRQHandler
                0x08007a80                DMA2_Stream2_IRQHandler
                0x08007a80                HRTIM1_TIME_IRQHandler
                0x08007a80                SPI1_IRQHandler
                0x08007a80                TIM6_DAC_IRQHandler
                0x08007a80                DCMI_IRQHandler
                0x08007a80                HRTIM1_TIMC_IRQHandler
                0x08007a80                DMA2_Stream3_IRQHandler
                0x08007a80                SAI2_IRQHandler
                0x08007a80                DFSDM1_FLT3_IRQHandler
                0x08007a80                USART6_IRQHandler
                0x08007a80                TIM17_IRQHandler
                0x08007a80                BDMA_Channel7_IRQHandler
                0x08007a80                LPTIM5_IRQHandler
                0x08007a80                UART5_IRQHandler
                0x08007a80                ADC3_IRQHandler
                0x08007a80                DMA2_Stream0_IRQHandler
                0x08007a80                TIM4_IRQHandler
                0x08007a80                BDMA_Channel2_IRQHandler
                0x08007a80                QUADSPI_IRQHandler
                0x08007a80                I2C1_EV_IRQHandler
                0x08007a80                DMA1_Stream6_IRQHandler
                0x08007a80                DMAMUX1_OVR_IRQHandler
                0x08007a80                DMA1_Stream1_IRQHandler
                0x08007a80                TIM16_IRQHandler
                0x08007a80                UART4_IRQHandler
                0x08007a80                BDMA_Channel5_IRQHandler
                0x08007a80                TIM3_IRQHandler
                0x08007a80                RCC_IRQHandler
                0x08007a80                TIM8_BRK_TIM12_IRQHandler
                0x08007a80                TIM1_TRG_COM_IRQHandler
                0x08007a80                Default_Handler
                0x08007a80                ECC_IRQHandler
                0x08007a80                CEC_IRQHandler
                0x08007a80                BDMA_Channel0_IRQHandler
                0x08007a80                ADC_IRQHandler
                0x08007a80                DMA1_Stream7_IRQHandler
                0x08007a80                HRTIM1_TIMA_IRQHandler
                0x08007a80                SPI5_IRQHandler
                0x08007a80                TIM7_IRQHandler
                0x08007a80                SDMMC1_IRQHandler
                0x08007a80                TIM5_IRQHandler
                0x08007a80                DMA2_Stream7_IRQHandler
                0x08007a80                TIM15_IRQHandler
                0x08007a80                PVD_AVD_IRQHandler
                0x08007a80                I2C3_EV_IRQHandler
                0x08007a80                EXTI9_5_IRQHandler
                0x08007a80                RTC_WKUP_IRQHandler
                0x08007a80                LTDC_IRQHandler
                0x08007a80                SAI3_IRQHandler
                0x08007a80                ETH_WKUP_IRQHandler
                0x08007a80                SPDIF_RX_IRQHandler
                0x08007a80                SPI2_IRQHandler
                0x08007a80                OTG_HS_EP1_IN_IRQHandler
                0x08007a80                DMA1_Stream0_IRQHandler
                0x08007a80                CRS_IRQHandler
                0x08007a80                EXTI4_IRQHandler
                0x08007a80                RNG_IRQHandler
                0x08007a80                HRTIM1_TIMB_IRQHandler
                0x08007a80                FDCAN2_IT1_IRQHandler
                0x08007a80                ETH_IRQHandler
                0x08007a80                TIM1_UP_IRQHandler
                0x08007a80                BDMA_Channel4_IRQHandler
                0x08007a80                OTG_HS_EP1_OUT_IRQHandler
                0x08007a80                WWDG_IRQHandler
                0x08007a80                SPI6_IRQHandler
                0x08007a80                MDIOS_IRQHandler
                0x08007a80                I2C4_EV_IRQHandler
                0x08007a80                FDCAN2_IT0_IRQHandler
                0x08007a80                LPUART1_IRQHandler
                0x08007a80                FDCAN1_IT0_IRQHandler
                0x08007a80                TIM2_IRQHandler
                0x08007a80                OTG_FS_WKUP_IRQHandler
                0x08007a80                OTG_HS_IRQHandler
                0x08007a80                DMA2D_IRQHandler
                0x08007a80                TIM1_BRK_IRQHandler
                0x08007a80                EXTI1_IRQHandler
                0x08007a80                SDMMC2_IRQHandler
                0x08007a80                OTG_FS_EP1_OUT_IRQHandler
                0x08007a80                BDMA_Channel3_IRQHandler
                0x08007a80                UART7_IRQHandler
                0x08007a80                MDIOS_WKUP_IRQHandler
                0x08007a80                USART2_IRQHandler
                0x08007a80                DFSDM1_FLT0_IRQHandler
                0x08007a80                SAI4_IRQHandler
                0x08007a80                I2C2_ER_IRQHandler
                0x08007a80                DMA2_Stream1_IRQHandler
                0x08007a80                FLASH_IRQHandler
                0x08007a80                DMA2_Stream4_IRQHandler
                0x08007a80                USART1_IRQHandler
                0x08007a80                OTG_FS_IRQHandler
                0x08007a80                SPI3_IRQHandler
                0x08007a80                WAKEUP_PIN_IRQHandler
                0x08007a80                DMA1_Stream4_IRQHandler
                0x08007a80                OTG_FS_EP1_IN_IRQHandler
                0x08007a80                I2C1_ER_IRQHandler
                0x08007a80                FMC_IRQHandler
                0x08007a80                FDCAN_CAL_IRQHandler
                0x08007a80                SWPMI1_IRQHandler
                0x08007a80                COMP1_IRQHandler
                0x08007a80                LPTIM1_IRQHandler
                0x08007a80                I2C4_ER_IRQHandler
                0x08007a80                DMA2_Stream6_IRQHandler
                0x08007a80                SAI1_IRQHandler
                0x08007a80                DMA1_Stream3_IRQHandler
 .text.memset   0x08007a82       0x10 /home/benji2004/.local/share/stm32cube/bundles/gnu-tools-for-stm32/14.3.1+st.2/bin/../lib/gcc/arm-none-eabi/14.3.1/../../../../arm-none-eabi/lib/thumb/v7e-m+dp/hard/libg_nano.a(libc_a-memset.o)
                0x08007a82                memset
 *fill*         0x08007a92        0x2 
 .text.__libc_init_array
                0x08007a94       0x48 /home/benji2004/.local/share/stm32cube/bundles/gnu-tools-for-stm32/14.3.1+st.2/bin/../lib/gcc/arm-none-eabi/14.3.1/../../../../arm-none-eabi/lib/thumb/v7e-m+dp/hard/libg_nano.a(libc_a-init.o)
                0x08007a94                __libc_init_array
 .text.memcpy   0x08007adc       0x1c /home/benji2004/.local/share/stm32cube/bundles/gnu-tools-for-stm32/14.3.1+st.2/bin/../lib/gcc/arm-none-eabi/14.3.1/../../../../arm-none-eabi/lib/thumb/v7e-m+dp/hard/libg_nano.a(libc_a-memcpy-stub.o)
                0x08007adc                memcpy
 *(.glue_7)
 .glue_7        0x08007af8        0x0 linker stubs
 *(.glue_7t)
 .glue_7t       0x08007af8        0x0 linker stubs
 *(.eh_frame)
 .eh_frame      0x08007af8        0x0 /home/benji2004/.local/share/stm32cube/bundles/gnu-tools-for-stm32/14.3.1+st.2/bin/../lib/gcc/arm-none-eabi/14.3.1/thumb/v7e-m+dp/hard/crtbegin.o
 *(.init)
 .init          0x08007af8        0x4 /home/benji2004/.local/share/stm32cube/bundles/gnu-tools-for-stm32/14.3.1+st.2/bin/../lib/gcc/arm-none-eabi/14.3.1/thumb/v7e-m+dp/hard/crti.o
                0x08007af8                _init
 .init          0x08007afc        0x8 /home/benji2004/.local/share/stm32cube/bundles/gnu-tools-for-stm32/14.3.1+st.2/bin/../lib/gcc/arm-none-eabi/14.3.1/thumb/v7e-m+dp/hard/crtn.o
 *(.fini)
 .fini          0x08007b04        0x4 /home/benji2004/.local/share/stm32cube/bundles/gnu-tools-for-stm32/14.3.1+st.2/bin/../lib/gcc/arm-none-eabi/14.3.1/thumb/v7e-m+dp/hard/crti.o
                0x08007b04                _fini
 .fini          0x08007b08        0x8 /home/benji2004/.local/share/stm32cube/bundles/gnu-tools-for-stm32/14.3.1+st.2/bin/../lib/gcc/arm-none-eabi/14.3.1/thumb/v7e-m+dp/hard/crtn.o
                0x08007b10                        . = ALIGN (0x4)
                0x08007b10                        _etext = .

.vfp11_veneer   0x08007b10        0x0
 .vfp11_veneer  0x08007b10        0x0 linker stubs

.v4_bx          0x08007b10        0x0
 .v4_bx         0x08007b10        0x0 linker stubs

.iplt           0x08007b10        0x0
 .iplt          0x08007b10        0x0 /home/benji2004/.local/share/stm32cube/bundles/gnu-tools-for-stm32/14.3.1+st.2/bin/../lib/gcc/arm-none-eabi/14.3.1/thumb/v7e-m+dp/hard/crtbegin.o

.rodata         0x08007b10       0x44
                0x08007b10                        . = ALIGN (0x4)
 *(.rodata)
 *(.rodata*)
 .rodata.D1CorePrescTable
                0x08007b10       0x10 cmake/stm32cubemx/CMakeFiles/STM32_Drivers.dir/__/__/Core/Src/system_stm32h7xx.c.obj
                0x08007b10                D1CorePrescTable
 .rodata.UARTPrescTable
                0x08007b20       0x18 cmake/stm32cubemx/CMakeFiles/STM32_Drivers.dir/__/__/Drivers/STM32H7xx_HAL_Driver/Src/stm32h7xx_hal_uart.c.obj
                0x08007b20                UARTPrescTable
 .rodata.numerator.1
                0x08007b38        0x8 cmake/stm32cubemx/CMakeFiles/STM32_Drivers.dir/__/__/Drivers/STM32H7xx_HAL_Driver/Src/stm32h7xx_hal_uart_ex.c.obj
 .rodata.denominator.0
                0x08007b40        0x8 cmake/stm32cubemx/CMakeFiles/STM32_Drivers.dir/__/__/Drivers/STM32H7xx_HAL_Driver/Src/stm32h7xx_hal_uart_ex.c.obj
 .rodata.LED_PIN
                0x08007b48        0x6 cmake/stm32cubemx/CMakeFiles/STM32_Drivers.dir/__/__/Drivers/BSP/STM32H7xx_Nucleo/stm32h7xx_nucleo.c.obj
 *fill*         0x08007b4e        0x2 
 .rodata.BUTTON_EXTI_LINE.2
                0x08007b50        0x4 cmake/stm32cubemx/CMakeFiles/STM32_Drivers.dir/__/__/Drivers/BSP/STM32H7xx_Nucleo/stm32h7xx_nucleo.c.obj
                0x08007b54                        . = ALIGN (0x4)

.ARM.extab      0x08007b54        0x0
                0x08007b54                        . = ALIGN (0x4)
 *(.ARM.extab* .gnu.linkonce.armextab.*)
                0x08007b54                        . = ALIGN (0x4)

.ARM            0x08007b54        0x8
                0x08007b54                        . = ALIGN (0x4)
                0x08007b54                        __exidx_start = .
 *(.ARM.exidx*)
 .ARM.exidx     0x08007b54        0x8 /home/benji2004/.local/share/stm32cube/bundles/gnu-tools-for-stm32/14.3.1+st.2/bin/../lib/gcc/arm-none-eabi/14.3.1/thumb/v7e-m+dp/hard/libgcc.a(_udivmoddi4.o)
                0x08007b5c                        __exidx_end = .
                0x08007b5c                        . = ALIGN (0x4)

.preinit_array  0x08007b5c        0x0
                0x08007b5c                        . = ALIGN (0x4)
                0x08007b5c                        PROVIDE (__preinit_array_start = .)
 *(.preinit_array*)
                0x08007b5c                        PROVIDE (__preinit_array_end = .)
                0x08007b5c                        . = ALIGN (0x4)

.init_array     0x08007b5c        0x4
                0x08007b5c                        . = ALIGN (0x4)
                0x08007b5c                        PROVIDE (__init_array_start = .)
 *(SORT_BY_NAME(.init_array.*))
 *(.init_array*)
 .init_array    0x08007b5c        0x4 /home/benji2004/.local/share/stm32cube/bundles/gnu-tools-for-stm32/14.3.1+st.2/bin/../lib/gcc/arm-none-eabi/14.3.1/thumb/v7e-m+dp/hard/crtbegin.o
                0x08007b60                        PROVIDE (__init_array_end = .)
                0x08007b60                        . = ALIGN (0x4)

.fini_array     0x08007b60        0x4
                0x08007b60                        . = ALIGN (0x4)
                [!provide]                        PROVIDE (__fini_array_start = .)
 *(SORT_BY_NAME(.fini_array.*))
 *(.fini_array*)
 .fini_array    0x08007b60        0x4 /home/benji2004/.local/share/stm32cube/bundles/gnu-tools-for-stm32/14.3.1+st.2/bin/../lib/gcc/arm-none-eabi/14.3.1/thumb/v7e-m+dp/hard/crtbegin.o
                [!provide]                        PROVIDE (__fini_array_end = .)
                0x08007b64                        . = ALIGN (0x4)
                0x08007b64                        _sidata = LOADADDR (.data)

.rel.dyn        0x08007b64        0x0
 .rel.iplt      0x08007b64        0x0 /home/benji2004/.local/share/stm32cube/bundles/gnu-tools-for-stm32/14.3.1+st.2/bin/../lib/gcc/arm-none-eabi/14.3.1/thumb/v7e-m+dp/hard/crtbegin.o

.data           0x20000000       0x28 load address 0x08007b64
                0x20000000                        . = ALIGN (0x4)
                0x20000000                        _sdata = .
 *(.data)
 *(.data*)
 .data.SystemCoreClock
                0x20000000        0x4 cmake/stm32cubemx/CMakeFiles/STM32_Drivers.dir/__/__/Core/Src/system_stm32h7xx.c.obj
                0x20000000                SystemCoreClock
 .data.SystemD2Clock
                0x20000004        0x4 cmake/stm32cubemx/CMakeFiles/STM32_Drivers.dir/__/__/Core/Src/system_stm32h7xx.c.obj
                0x20000004                SystemD2Clock
 .data.uwTickPrio
                0x20000008        0x4 cmake/stm32cubemx/CMakeFiles/STM32_Drivers.dir/__/__/Drivers/STM32H7xx_HAL_Driver/Src/stm32h7xx_hal.c.obj
                0x20000008                uwTickPrio
 .data.uwTickFreq
                0x2000000c        0x1 cmake/stm32cubemx/CMakeFiles/STM32_Drivers.dir/__/__/Drivers/STM32H7xx_HAL_Driver/Src/stm32h7xx_hal.c.obj
                0x2000000c                uwTickFreq
 *fill*         0x2000000d        0x3 
 .data.LED_PORT
                0x20000010        0xc cmake/stm32cubemx/CMakeFiles/STM32_Drivers.dir/__/__/Drivers/BSP/STM32H7xx_Nucleo/stm32h7xx_nucleo.c.obj
 .data.BUTTON_PORT
                0x2000001c        0x4 cmake/stm32cubemx/CMakeFiles/STM32_Drivers.dir/__/__/Drivers/BSP/STM32H7xx_Nucleo/stm32h7xx_nucleo.c.obj
 .data.ButtonCallback.1
                0x20000020        0x4 cmake/stm32cubemx/CMakeFiles/STM32_Drivers.dir/__/__/Drivers/BSP/STM32H7xx_Nucleo/stm32h7xx_nucleo.c.obj
 .data.BSP_BUTTON_PRIO.0
                0x20000024        0x4 cmake/stm32cubemx/CMakeFiles/STM32_Drivers.dir/__/__/Drivers/BSP/STM32H7xx_Nucleo/stm32h7xx_nucleo.c.obj
 *(.RamFunc)
 *(.RamFunc*)
                0x20000028                        . = ALIGN (0x4)

.igot.plt       0x20000028        0x0 load address 0x08007b8c
 .igot.plt      0x20000028        0x0 /home/benji2004/.local/share/stm32cube/bundles/gnu-tools-for-stm32/14.3.1+st.2/bin/../lib/gcc/arm-none-eabi/14.3.1/thumb/v7e-m+dp/hard/crtbegin.o

.tdata          0x20000028        0x0 load address 0x08007b8c
 *(.tdata .tdata.* .gnu.linkonce.td.*)
                0x20000028                        . = ALIGN (0x4)
                0x20000028                        _edata = .
                [!provide]                        PROVIDE (__data_end = .)
                [!provide]                        PROVIDE (__tdata_end = .)
                [!provide]                        PROVIDE (__tdata_start = ADDR (.tdata))
                [!provide]                        PROVIDE (__tdata_size = (__tdata_end - __tdata_start))
                [!provide]                        PROVIDE (__data_start = ADDR (.data))
                [!provide]                        PROVIDE (__data_size = (__data_end - __data_start))
                [!provide]                        PROVIDE (__tdata_source = LOADADDR (.tdata))
                [!provide]                        PROVIDE (__tdata_source_end = (LOADADDR (.tdata) + SIZEOF (.tdata)))
                [!provide]                        PROVIDE (__tdata_source_size = (__tdata_source_end - __tdata_source))
                [!provide]                        PROVIDE (__data_source = LOADADDR (.data))
                [!provide]                        PROVIDE (__data_source_end = __tdata_source_end)
                [!provide]                        PROVIDE (__data_source_size = (__data_source_end - __data_source))

.tbss           0x20000028        0x0 load address 0x08007b8c
                0x20000028                        _sbss = .
                0x20000028                        __bss_start__ = _sbss
 *(.tbss .tbss.*)
                0x20000028                        . = ALIGN (0x4)
                [!provide]                        PROVIDE (__tbss_end = .)
                [!provide]                        PROVIDE (__tbss_start = ADDR (.tbss))
                [!provide]                        PROVIDE (__tbss_size = (__tbss_end - __tbss_start))
                [!provide]                        PROVIDE (__tbss_offset = (ADDR (.tbss) - ADDR (.tdata)))
                [!provide]                        PROVIDE (__tls_base = __tdata_start)
                [!provide]                        PROVIDE (__tls_end = __tbss_end)
                [!provide]                        PROVIDE (__tls_size = (__tls_end - __tls_base))
                [!provide]                        PROVIDE (__tls_align = MAX (ALIGNOF (.tdata), ALIGNOF (.tbss)))
                [!provide]                        PROVIDE (__tls_size_align = (((__tls_size + __tls_align) - 0x1) & ~ ((__tls_align - 0x1))))
                [!provide]                        PROVIDE (__arm32_tls_tcb_offset = MAX (0x8, __tls_align))
                [!provide]                        PROVIDE (__arm64_tls_tcb_offset = MAX (0x10, __tls_align))

.bss            0x20000028     0x4edc load address 0x08007b8c
 *(.bss)
 .bss           0x20000028       0x1c /home/benji2004/.local/share/stm32cube/bundles/gnu-tools-for-stm32/14.3.1+st.2/bin/../lib/gcc/arm-none-eabi/14.3.1/thumb/v7e-m+dp/hard/crtbegin.o
 *(.bss*)
 .bss.uwTick    0x20000044        0x4 cmake/stm32cubemx/CMakeFiles/STM32_Drivers.dir/__/__/Drivers/STM32H7xx_HAL_Driver/Src/stm32h7xx_hal.c.obj
                0x20000044                uwTick
 .bss.hpb_exti  0x20000048        0x8 cmake/stm32cubemx/CMakeFiles/STM32_Drivers.dir/__/__/Drivers/BSP/STM32H7xx_Nucleo/stm32h7xx_nucleo.c.obj
                0x20000048                hpb_exti
 .bss.RxFrame   0x20000050     0x2710 CMakeFiles/bandwithTest.dir/Core/Src/main.c.obj
                0x20000050                RxFrame
 .bss.TxFrame   0x20002760     0x2710 CMakeFiles/bandwithTest.dir/Core/Src/usart.c.obj
                0x20002760                TxFrame
 .bss.huart3    0x20004e70       0x94 CMakeFiles/bandwithTest.dir/Core/Src/usart.c.obj
                0x20004e70                huart3
 *(COMMON)
                0x20004f04                        . = ALIGN (0x4)
                0x20004f04                        _ebss = .
                0x20004f04                        __bss_end__ = _ebss
                [!provide]                        PROVIDE (__bss_end = .)
                [!provide]                        PROVIDE (__non_tls_bss_start = ADDR (.bss))
                [!provide]                        PROVIDE (__bss_start = __tbss_start)
                [!provide]                        PROVIDE (__bss_size = (__bss_end - __bss_start))

._user_heap_stack
                0x20004f04      0x604 load address 0x08007b8c
                0x20004f08                        . = ALIGN (0x8)
 *fill*         0x20004f04        0x4 
                [!provide]                        PROVIDE (end = .)
                0x20004f08                        PROVIDE (_end = .)
                0x20005108                        . = (. + _Min_Heap_Size)
 *fill*         0x20004f08      0x200 
                0x20005508                        . = (. + _Min_Stack_Size)
 *fill*         0x20005108      0x400 
                0x20005508                        . = ALIGN (0x8)

/DISCARD/
 libc.a:*(*)
 libm.a:*(*)
 libgcc.a:*(*)
OUTPUT(bandwithTest.elf elf32-littlearm)
LOAD linker stubs

.ARM.attributes
                0x00000000       0x2e
 .ARM.attributes
                0x00000000       0x20 /home/benji2004/.local/share/stm32cube/bundles/gnu-tools-for-stm32/14.3.1+st.2/bin/../lib/gcc/arm-none-eabi/14.3.1/thumb/v7e-m+dp/hard/crti.o
 .ARM.attributes
                0x00000020       0x32 /home/benji2004/.local/share/stm32cube/bundles/gnu-tools-for-stm32/14.3.1+st.2/bin/../lib/gcc/arm-none-eabi/14.3.1/thumb/v7e-m+dp/hard/crtbegin.o
 .ARM.attributes
                0x00000052       0x32 cmake/stm32cubemx/CMakeFiles/STM32_Drivers.dir/__/__/Core/Src/system_stm32h7xx.c.obj
 .ARM.attributes
                0x00000084       0x32 cmake/stm32cubemx/CMakeFiles/STM32_Drivers.dir/__/__/Drivers/STM32H7xx_HAL_Driver/Src/stm32h7xx_hal_cortex.c.obj
 .ARM.attributes
                0x000000b6       0x32 cmake/stm32cubemx/CMakeFiles/STM32_Drivers.dir/__/__/Drivers/STM32H7xx_HAL_Driver/Src/stm32h7xx_hal_rcc.c.obj
 .ARM.attributes
                0x000000e8       0x32 cmake/stm32cubemx/CMakeFiles/STM32_Drivers.dir/__/__/Drivers/STM32H7xx_HAL_Driver/Src/stm32h7xx_hal_rcc_ex.c.obj
 .ARM.attributes
                0x0000011a       0x32 cmake/stm32cubemx/CMakeFiles/STM32_Drivers.dir/__/__/Drivers/STM32H7xx_HAL_Driver/Src/stm32h7xx_hal_gpio.c.obj
 .ARM.attributes
                0x0000014c       0x32 cmake/stm32cubemx/CMakeFiles/STM32_Drivers.dir/__/__/Drivers/STM32H7xx_HAL_Driver/Src/stm32h7xx_hal_dma.c.obj
 .ARM.attributes
                0x0000017e       0x32 cmake/stm32cubemx/CMakeFiles/STM32_Drivers.dir/__/__/Drivers/STM32H7xx_HAL_Driver/Src/stm32h7xx_hal_pwr_ex.c.obj
 .ARM.attributes
                0x000001b0       0x32 cmake/stm32cubemx/CMakeFiles/STM32_Drivers.dir/__/__/Drivers/STM32H7xx_HAL_Driver/Src/stm32h7xx_hal.c.obj
 .ARM.attributes
                0x000001e2       0x32 cmake/stm32cubemx/CMakeFiles/STM32_Drivers.dir/__/__/Drivers/STM32H7xx_HAL_Driver/Src/stm32h7xx_hal_exti.c.obj
 .ARM.attributes
                0x00000214       0x32 cmake/stm32cubemx/CMakeFiles/STM32_Drivers.dir/__/__/Drivers/STM32H7xx_HAL_Driver/Src/stm32h7xx_hal_uart.c.obj
 .ARM.attributes
                0x00000246       0x32 cmake/stm32cubemx/CMakeFiles/STM32_Drivers.dir/__/__/Drivers/STM32H7xx_HAL_Driver/Src/stm32h7xx_hal_uart_ex.c.obj
 .ARM.attributes
                0x00000278       0x32 cmake/stm32cubemx/CMakeFiles/STM32_Drivers.dir/__/__/Drivers/BSP/STM32H7xx_Nucleo/stm32h7xx_nucleo.c.obj
 .ARM.attributes
                0x000002aa       0x32 CMakeFiles/bandwithTest.dir/Core/Src/main.c.obj
 .ARM.attributes
                0x000002dc       0x32 CMakeFiles/bandwithTest.dir/Core/Src/gpio.c.obj
 .ARM.attributes
                0x0000030e       0x32 CMakeFiles/bandwithTest.dir/Core/Src/usart.c.obj
 .ARM.attributes
                0x00000340       0x32 CMakeFiles/bandwithTest.dir/Core/Src/stm32h7xx_it.c.obj
 .ARM.attributes
                0x00000372       0x32 CMakeFiles/bandwithTest.dir/Core/Src/stm32h7xx_hal_msp.c.obj
 .ARM.attributes
                0x000003a4       0x21 CMakeFiles/bandwithTest.dir/startup_stm32h743xx.s.obj
 .ARM.attributes
                0x000003c5       0x20 /home/benji2004/.local/share/stm32cube/bundles/gnu-tools-for-stm32/14.3.1+st.2/bin/../lib/gcc/arm-none-eabi/14.3.1/thumb/v7e-m+dp/hard/libgcc.a(_aeabi_uldivmod.o)
 .ARM.attributes
                0x000003e5       0x32 /home/benji2004/.local/share/stm32cube/bundles/gnu-tools-for-stm32/14.3.1+st.2/bin/../lib/gcc/arm-none-eabi/14.3.1/thumb/v7e-m+dp/hard/libgcc.a(_udivmoddi4.o)
 .ARM.attributes
                0x00000417       0x20 /home/benji2004/.local/share/stm32cube/bundles/gnu-tools-for-stm32/14.3.1+st.2/bin/../lib/gcc/arm-none-eabi/14.3.1/thumb/v7e-m+dp/hard/libgcc.a(_dvmd_tls.o)
 .ARM.attributes
                0x00000437       0x32 /home/benji2004/.local/share/stm32cube/bundles/gnu-tools-for-stm32/14.3.1+st.2/bin/../lib/gcc/arm-none-eabi/14.3.1/../../../../arm-none-eabi/lib/thumb/v7e-m+dp/hard/libg_nano.a(libc_a-memset.o)
 .ARM.attributes
                0x00000469       0x32 /home/benji2004/.local/share/stm32cube/bundles/gnu-tools-for-stm32/14.3.1+st.2/bin/../lib/gcc/arm-none-eabi/14.3.1/../../../../arm-none-eabi/lib/thumb/v7e-m+dp/hard/libg_nano.a(libc_a-init.o)
 .ARM.attributes
                0x0000049b       0x32 /home/benji2004/.local/share/stm32cube/bundles/gnu-tools-for-stm32/14.3.1+st.2/bin/../lib/gcc/arm-none-eabi/14.3.1/../../../../arm-none-eabi/lib/thumb/v7e-m+dp/hard/libg_nano.a(libc_a-memcpy-stub.o)
 .ARM.attributes
                0x000004cd       0x20 /home/benji2004/.local/share/stm32cube/bundles/gnu-tools-for-stm32/14.3.1+st.2/bin/../lib/gcc/arm-none-eabi/14.3.1/thumb/v7e-m+dp/hard/crtn.o

.comment        0x00000000       0x43
 .comment       0x00000000       0x43 cmake/stm32cubemx/CMakeFiles/STM32_Drivers.dir/__/__/Core/Src/system_stm32h7xx.c.obj
                                 0x44 (size before relaxing)
 .comment       0x00000043       0x44 cmake/stm32cubemx/CMakeFiles/STM32_Drivers.dir/__/__/Drivers/STM32H7xx_HAL_Driver/Src/stm32h7xx_hal_cortex.c.obj
 .comment       0x00000043       0x44 cmake/stm32cubemx/CMakeFiles/STM32_Drivers.dir/__/__/Drivers/STM32H7xx_HAL_Driver/Src/stm32h7xx_hal_rcc.c.obj
 .comment       0x00000043       0x44 cmake/stm32cubemx/CMakeFiles/STM32_Drivers.dir/__/__/Drivers/STM32H7xx_HAL_Driver/Src/stm32h7xx_hal_rcc_ex.c.obj
 .comment       0x00000043       0x44 cmake/stm32cubemx/CMakeFiles/STM32_Drivers.dir/__/__/Drivers/STM32H7xx_HAL_Driver/Src/stm32h7xx_hal_gpio.c.obj
 .comment       0x00000043       0x44 cmake/stm32cubemx/CMakeFiles/STM32_Drivers.dir/__/__/Drivers/STM32H7xx_HAL_Driver/Src/stm32h7xx_hal_dma.c.obj
 .comment       0x00000043       0x44 cmake/stm32cubemx/CMakeFiles/STM32_Drivers.dir/__/__/Drivers/STM32H7xx_HAL_Driver/Src/stm32h7xx_hal_pwr_ex.c.obj
 .comment       0x00000043       0x44 cmake/stm32cubemx/CMakeFiles/STM32_Drivers.dir/__/__/Drivers/STM32H7xx_HAL_Driver/Src/stm32h7xx_hal.c.obj
 .comment       0x00000043       0x44 cmake/stm32cubemx/CMakeFiles/STM32_Drivers.dir/__/__/Drivers/STM32H7xx_HAL_Driver/Src/stm32h7xx_hal_exti.c.obj
 .comment       0x00000043       0x44 cmake/stm32cubemx/CMakeFiles/STM32_Drivers.dir/__/__/Drivers/STM32H7xx_HAL_Driver/Src/stm32h7xx_hal_uart.c.obj
 .comment       0x00000043       0x44 cmake/stm32cubemx/CMakeFiles/STM32_Drivers.dir/__/__/Drivers/STM32H7xx_HAL_Driver/Src/stm32h7xx_hal_uart_ex.c.obj
 .comment       0x00000043       0x44 cmake/stm32cubemx/CMakeFiles/STM32_Drivers.dir/__/__/Drivers/BSP/STM32H7xx_Nucleo/stm32h7xx_nucleo.c.obj
 .comment       0x00000043       0x44 CMakeFiles/bandwithTest.dir/Core/Src/main.c.obj
 .comment       0x00000043       0x44 CMakeFiles/bandwithTest.dir/Core/Src/gpio.c.obj
 .comment       0x00000043       0x44 CMakeFiles/bandwithTest.dir/Core/Src/usart.c.obj
 .comment       0x00000043       0x44 CMakeFiles/bandwithTest.dir/Core/Src/stm32h7xx_it.c.obj
 .comment       0x00000043       0x44 CMakeFiles/bandwithTest.dir/Core/Src/stm32h7xx_hal_msp.c.obj
 .comment       0x00000043       0x44 /home/benji2004/.local/share/stm32cube/bundles/gnu-tools-for-stm32/14.3.1+st.2/bin/../lib/gcc/arm-none-eabi/14.3.1/../../../../arm-none-eabi/lib/thumb/v7e-m+dp/hard/libg_nano.a(libc_a-memset.o)
 .comment       0x00000043       0x44 /home/benji2004/.local/share/stm32cube/bundles/gnu-tools-for-stm32/14.3.1+st.2/bin/../lib/gcc/arm-none-eabi/14.3.1/../../../../arm-none-eabi/lib/thumb/v7e-m+dp/hard/libg_nano.a(libc_a-init.o)
 .comment       0x00000043       0x44 /home/benji2004/.local/share/stm32cube/bundles/gnu-tools-for-stm32/14.3.1+st.2/bin/../lib/gcc/arm-none-eabi/14.3.1/../../../../arm-none-eabi/lib/thumb/v7e-m+dp/hard/libg_nano.a(libc_a-memcpy-stub.o)

.debug_info     0x00000000    0x12967
 .debug_info    0x00000000      0xdb2 cmake/stm32cubemx/CMakeFiles/STM32_Drivers.dir/__/__/Core/Src/system_stm32h7xx.c.obj
 .debug_info    0x00000db2     0x10b1 cmake/stm32cubemx/CMakeFiles/STM32_Drivers.dir/__/__/Drivers/STM32H7xx_HAL_Driver/Src/stm32h7xx_hal_cortex.c.obj
 .debug_info    0x00001e63      0xe6a cmake/stm32cubemx/CMakeFiles/STM32_Drivers.dir/__/__/Drivers/STM32H7xx_HAL_Driver/Src/stm32h7xx_hal_rcc.c.obj
 .debug_info    0x00002ccd     0x1225 cmake/stm32cubemx/CMakeFiles/STM32_Drivers.dir/__/__/Drivers/STM32H7xx_HAL_Driver/Src/stm32h7xx_hal_rcc_ex.c.obj
 .debug_info    0x00003ef2      0xc5a cmake/stm32cubemx/CMakeFiles/STM32_Drivers.dir/__/__/Drivers/STM32H7xx_HAL_Driver/Src/stm32h7xx_hal_gpio.c.obj
 .debug_info    0x00004b4c      0xc31 cmake/stm32cubemx/CMakeFiles/STM32_Drivers.dir/__/__/Drivers/STM32H7xx_HAL_Driver/Src/stm32h7xx_hal_dma.c.obj
 .debug_info    0x0000577d     0x1012 cmake/stm32cubemx/CMakeFiles/STM32_Drivers.dir/__/__/Drivers/STM32H7xx_HAL_Driver/Src/stm32h7xx_hal_pwr_ex.c.obj
 .debug_info    0x0000678f     0x153b cmake/stm32cubemx/CMakeFiles/STM32_Drivers.dir/__/__/Drivers/STM32H7xx_HAL_Driver/Src/stm32h7xx_hal.c.obj
 .debug_info    0x00007cca      0x916 cmake/stm32cubemx/CMakeFiles/STM32_Drivers.dir/__/__/Drivers/STM32H7xx_HAL_Driver/Src/stm32h7xx_hal_exti.c.obj
 .debug_info    0x000085e0     0x4b1d cmake/stm32cubemx/CMakeFiles/STM32_Drivers.dir/__/__/Drivers/STM32H7xx_HAL_Driver/Src/stm32h7xx_hal_uart.c.obj
 .debug_info    0x0000d0fd      0xfbf cmake/stm32cubemx/CMakeFiles/STM32_Drivers.dir/__/__/Drivers/STM32H7xx_HAL_Driver/Src/stm32h7xx_hal_uart_ex.c.obj
 .debug_info    0x0000e0bc      0xfbc cmake/stm32cubemx/CMakeFiles/STM32_Drivers.dir/__/__/Drivers/BSP/STM32H7xx_Nucleo/stm32h7xx_nucleo.c.obj
 .debug_info    0x0000f078      0xf03 CMakeFiles/bandwithTest.dir/Core/Src/main.c.obj
 .debug_info    0x0000ff7b      0x4b3 CMakeFiles/bandwithTest.dir/Core/Src/gpio.c.obj
 .debug_info    0x0001042e     0x1522 CMakeFiles/bandwithTest.dir/Core/Src/usart.c.obj
 .debug_info    0x00011950      0x877 CMakeFiles/bandwithTest.dir/Core/Src/stm32h7xx_it.c.obj
 .debug_info    0x000121c7      0x464 CMakeFiles/bandwithTest.dir/Core/Src/stm32h7xx_hal_msp.c.obj
 .debug_info    0x0001262b       0x30 CMakeFiles/bandwithTest.dir/startup_stm32h743xx.s.obj
 .debug_info    0x0001265b       0xe0 /home/benji2004/.local/share/stm32cube/bundles/gnu-tools-for-stm32/14.3.1+st.2/bin/../lib/gcc/arm-none-eabi/14.3.1/../../../../arm-none-eabi/lib/thumb/v7e-m+dp/hard/libg_nano.a(libc_a-memset.o)
 .debug_info    0x0001273b      0x10b /home/benji2004/.local/share/stm32cube/bundles/gnu-tools-for-stm32/14.3.1+st.2/bin/../lib/gcc/arm-none-eabi/14.3.1/../../../../arm-none-eabi/lib/thumb/v7e-m+dp/hard/libg_nano.a(libc_a-init.o)
 .debug_info    0x00012846      0x121 /home/benji2004/.local/share/stm32cube/bundles/gnu-tools-for-stm32/14.3.1+st.2/bin/../lib/gcc/arm-none-eabi/14.3.1/../../../../arm-none-eabi/lib/thumb/v7e-m+dp/hard/libg_nano.a(libc_a-memcpy-stub.o)

.debug_abbrev   0x00000000     0x2893
 .debug_abbrev  0x00000000      0x165 cmake/stm32cubemx/CMakeFiles/STM32_Drivers.dir/__/__/Core/Src/system_stm32h7xx.c.obj
 .debug_abbrev  0x00000165      0x339 cmake/stm32cubemx/CMakeFiles/STM32_Drivers.dir/__/__/Drivers/STM32H7xx_HAL_Driver/Src/stm32h7xx_hal_cortex.c.obj
 .debug_abbrev  0x0000049e      0x2c8 cmake/stm32cubemx/CMakeFiles/STM32_Drivers.dir/__/__/Drivers/STM32H7xx_HAL_Driver/Src/stm32h7xx_hal_rcc.c.obj
 .debug_abbrev  0x00000766      0x269 cmake/stm32cubemx/CMakeFiles/STM32_Drivers.dir/__/__/Drivers/STM32H7xx_HAL_Driver/Src/stm32h7xx_hal_rcc_ex.c.obj
 .debug_abbrev  0x000009cf      0x205 cmake/stm32cubemx/CMakeFiles/STM32_Drivers.dir/__/__/Drivers/STM32H7xx_HAL_Driver/Src/stm32h7xx_hal_gpio.c.obj
 .debug_abbrev  0x00000bd4      0x248 cmake/stm32cubemx/CMakeFiles/STM32_Drivers.dir/__/__/Drivers/STM32H7xx_HAL_Driver/Src/stm32h7xx_hal_dma.c.obj
 .debug_abbrev  0x00000e1c      0x2a7 cmake/stm32cubemx/CMakeFiles/STM32_Drivers.dir/__/__/Drivers/STM32H7xx_HAL_Driver/Src/stm32h7xx_hal_pwr_ex.c.obj
 .debug_abbrev  0x000010c3      0x295 cmake/stm32cubemx/CMakeFiles/STM32_Drivers.dir/__/__/Drivers/STM32H7xx_HAL_Driver/Src/stm32h7xx_hal.c.obj
 .debug_abbrev  0x00001358      0x1df cmake/stm32cubemx/CMakeFiles/STM32_Drivers.dir/__/__/Drivers/STM32H7xx_HAL_Driver/Src/stm32h7xx_hal_exti.c.obj
 .debug_abbrev  0x00001537      0x33d cmake/stm32cubemx/CMakeFiles/STM32_Drivers.dir/__/__/Drivers/STM32H7xx_HAL_Driver/Src/stm32h7xx_hal_uart.c.obj
 .debug_abbrev  0x00001874      0x2d2 cmake/stm32cubemx/CMakeFiles/STM32_Drivers.dir/__/__/Drivers/STM32H7xx_HAL_Driver/Src/stm32h7xx_hal_uart_ex.c.obj
 .debug_abbrev  0x00001b46      0x2d4 cmake/stm32cubemx/CMakeFiles/STM32_Drivers.dir/__/__/Drivers/BSP/STM32H7xx_Nucleo/stm32h7xx_nucleo.c.obj
 .debug_abbrev  0x00001e1a      0x296 CMakeFiles/bandwithTest.dir/Core/Src/main.c.obj
 .debug_abbrev  0x000020b0       0xe8 CMakeFiles/bandwithTest.dir/Core/Src/gpio.c.obj
 .debug_abbrev  0x00002198      0x264 CMakeFiles/bandwithTest.dir/Core/Src/usart.c.obj
 .debug_abbrev  0x000023fc      0x170 CMakeFiles/bandwithTest.dir/Core/Src/stm32h7xx_it.c.obj
 .debug_abbrev  0x0000256c       0xdb CMakeFiles/bandwithTest.dir/Core/Src/stm32h7xx_hal_msp.c.obj
 .debug_abbrev  0x00002647       0x24 CMakeFiles/bandwithTest.dir/startup_stm32h743xx.s.obj
 .debug_abbrev  0x0000266b       0x9e /home/benji2004/.local/share/stm32cube/bundles/gnu-tools-for-stm32/14.3.1+st.2/bin/../lib/gcc/arm-none-eabi/14.3.1/../../../../arm-none-eabi/lib/thumb/v7e-m+dp/hard/libg_nano.a(libc_a-memset.o)
 .debug_abbrev  0x00002709       0xc9 /home/benji2004/.local/share/stm32cube/bundles/gnu-tools-for-stm32/14.3.1+st.2/bin/../lib/gcc/arm-none-eabi/14.3.1/../../../../arm-none-eabi/lib/thumb/v7e-m+dp/hard/libg_nano.a(libc_a-init.o)
 .debug_abbrev  0x000027d2       0xc1 /home/benji2004/.local/share/stm32cube/bundles/gnu-tools-for-stm32/14.3.1+st.2/bin/../lib/gcc/arm-none-eabi/14.3.1/../../../../arm-none-eabi/lib/thumb/v7e-m+dp/hard/libg_nano.a(libc_a-memcpy-stub.o)

.debug_aranges  0x00000000      0xc40
 .debug_aranges
                0x00000000       0x30 cmake/stm32cubemx/CMakeFiles/STM32_Drivers.dir/__/__/Core/Src/system_stm32h7xx.c.obj
 .debug_aranges
                0x00000030      0x130 cmake/stm32cubemx/CMakeFiles/STM32_Drivers.dir/__/__/Drivers/STM32H7xx_HAL_Driver/Src/stm32h7xx_hal_cortex.c.obj
 .debug_aranges
                0x00000160       0x88 cmake/stm32cubemx/CMakeFiles/STM32_Drivers.dir/__/__/Drivers/STM32H7xx_HAL_Driver/Src/stm32h7xx_hal_rcc.c.obj
 .debug_aranges
                0x000001e8       0xf8 cmake/stm32cubemx/CMakeFiles/STM32_Drivers.dir/__/__/Drivers/STM32H7xx_HAL_Driver/Src/stm32h7xx_hal_rcc_ex.c.obj
 .debug_aranges
                0x000002e0       0x58 cmake/stm32cubemx/CMakeFiles/STM32_Drivers.dir/__/__/Drivers/STM32H7xx_HAL_Driver/Src/stm32h7xx_hal_gpio.c.obj
 .debug_aranges
                0x00000338       0xa0 cmake/stm32cubemx/CMakeFiles/STM32_Drivers.dir/__/__/Drivers/STM32H7xx_HAL_Driver/Src/stm32h7xx_hal_dma.c.obj
 .debug_aranges
                0x000003d8      0x158 cmake/stm32cubemx/CMakeFiles/STM32_Drivers.dir/__/__/Drivers/STM32H7xx_HAL_Driver/Src/stm32h7xx_hal_pwr_ex.c.obj
 .debug_aranges
                0x00000530      0x198 cmake/stm32cubemx/CMakeFiles/STM32_Drivers.dir/__/__/Drivers/STM32H7xx_HAL_Driver/Src/stm32h7xx_hal.c.obj
 .debug_aranges
                0x000006c8       0x60 cmake/stm32cubemx/CMakeFiles/STM32_Drivers.dir/__/__/Drivers/STM32H7xx_HAL_Driver/Src/stm32h7xx_hal_exti.c.obj
 .debug_aranges
                0x00000728      0x248 cmake/stm32cubemx/CMakeFiles/STM32_Drivers.dir/__/__/Drivers/STM32H7xx_HAL_Driver/Src/stm32h7xx_hal_uart.c.obj
 .debug_aranges
                0x00000970       0xa8 cmake/stm32cubemx/CMakeFiles/STM32_Drivers.dir/__/__/Drivers/STM32H7xx_HAL_Driver/Src/stm32h7xx_hal_uart_ex.c.obj
 .debug_aranges
                0x00000a18       0x80 cmake/stm32cubemx/CMakeFiles/STM32_Drivers.dir/__/__/Drivers/BSP/STM32H7xx_Nucleo/stm32h7xx_nucleo.c.obj
 .debug_aranges
                0x00000a98       0x38 CMakeFiles/bandwithTest.dir/Core/Src/main.c.obj
 .debug_aranges
                0x00000ad0       0x20 CMakeFiles/bandwithTest.dir/Core/Src/gpio.c.obj
 .debug_aranges
                0x00000af0       0x38 CMakeFiles/bandwithTest.dir/Core/Src/usart.c.obj
 .debug_aranges
                0x00000b28       0x70 CMakeFiles/bandwithTest.dir/Core/Src/stm32h7xx_it.c.obj
 .debug_aranges
                0x00000b98       0x20 CMakeFiles/bandwithTest.dir/Core/Src/stm32h7xx_hal_msp.c.obj
 .debug_aranges
                0x00000bb8       0x28 CMakeFiles/bandwithTest.dir/startup_stm32h743xx.s.obj
 .debug_aranges
                0x00000be0       0x20 /home/benji2004/.local/share/stm32cube/bundles/gnu-tools-for-stm32/14.3.1+st.2/bin/../lib/gcc/arm-none-eabi/14.3.1/../../../../arm-none-eabi/lib/thumb/v7e-m+dp/hard/libg_nano.a(libc_a-memset.o)
 .debug_aranges
                0x00000c00       0x20 /home/benji2004/.local/share/stm32cube/bundles/gnu-tools-for-stm32/14.3.1+st.2/bin/../lib/gcc/arm-none-eabi/14.3.1/../../../../arm-none-eabi/lib/thumb/v7e-m+dp/hard/libg_nano.a(libc_a-init.o)
 .debug_aranges
                0x00000c20       0x20 /home/benji2004/.local/share/stm32cube/bundles/gnu-tools-for-stm32/14.3.1+st.2/bin/../lib/gcc/arm-none-eabi/14.3.1/../../../../arm-none-eabi/lib/thumb/v7e-m+dp/hard/libg_nano.a(libc_a-memcpy-stub.o)

.debug_rnglists
                0x00000000      0x94f
 .debug_rnglists
                0x00000000       0x21 cmake/stm32cubemx/CMakeFiles/STM32_Drivers.dir/__/__/Core/Src/system_stm32h7xx.c.obj
 .debug_rnglists
                0x00000021       0xe0 cmake/stm32cubemx/CMakeFiles/STM32_Drivers.dir/__/__/Drivers/STM32H7xx_HAL_Driver/Src/stm32h7xx_hal_cortex.c.obj
 .debug_rnglists
                0x00000101       0x68 cmake/stm32cubemx/CMakeFiles/STM32_Drivers.dir/__/__/Drivers/STM32H7xx_HAL_Driver/Src/stm32h7xx_hal_rcc.c.obj
 .debug_rnglists
                0x00000169       0xc0 cmake/stm32cubemx/CMakeFiles/STM32_Drivers.dir/__/__/Drivers/STM32H7xx_HAL_Driver/Src/stm32h7xx_hal_rcc_ex.c.obj
 .debug_rnglists
                0x00000229       0x3f cmake/stm32cubemx/CMakeFiles/STM32_Drivers.dir/__/__/Drivers/STM32H7xx_HAL_Driver/Src/stm32h7xx_hal_gpio.c.obj
 .debug_rnglists
                0x00000268       0x82 cmake/stm32cubemx/CMakeFiles/STM32_Drivers.dir/__/__/Drivers/STM32H7xx_HAL_Driver/Src/stm32h7xx_hal_dma.c.obj
 .debug_rnglists
                0x000002ea      0x103 cmake/stm32cubemx/CMakeFiles/STM32_Drivers.dir/__/__/Drivers/STM32H7xx_HAL_Driver/Src/stm32h7xx_hal_pwr_ex.c.obj
 .debug_rnglists
                0x000003ed      0x131 cmake/stm32cubemx/CMakeFiles/STM32_Drivers.dir/__/__/Drivers/STM32H7xx_HAL_Driver/Src/stm32h7xx_hal.c.obj
 .debug_rnglists
                0x0000051e       0x46 cmake/stm32cubemx/CMakeFiles/STM32_Drivers.dir/__/__/Drivers/STM32H7xx_HAL_Driver/Src/stm32h7xx_hal_exti.c.obj
 .debug_rnglists
                0x00000564      0x1fa cmake/stm32cubemx/CMakeFiles/STM32_Drivers.dir/__/__/Drivers/STM32H7xx_HAL_Driver/Src/stm32h7xx_hal_uart.c.obj
 .debug_rnglists
                0x0000075e       0x7f cmake/stm32cubemx/CMakeFiles/STM32_Drivers.dir/__/__/Drivers/STM32H7xx_HAL_Driver/Src/stm32h7xx_hal_uart_ex.c.obj
 .debug_rnglists
                0x000007dd       0x5d cmake/stm32cubemx/CMakeFiles/STM32_Drivers.dir/__/__/Drivers/BSP/STM32H7xx_Nucleo/stm32h7xx_nucleo.c.obj
 .debug_rnglists
                0x0000083a       0x26 CMakeFiles/bandwithTest.dir/Core/Src/main.c.obj
 .debug_rnglists
                0x00000860       0x14 CMakeFiles/bandwithTest.dir/Core/Src/gpio.c.obj
 .debug_rnglists
                0x00000874       0x27 CMakeFiles/bandwithTest.dir/Core/Src/usart.c.obj
 .debug_rnglists
                0x0000089b       0x4f CMakeFiles/bandwithTest.dir/Core/Src/stm32h7xx_it.c.obj
 .debug_rnglists
                0x000008ea       0x13 CMakeFiles/bandwithTest.dir/Core/Src/stm32h7xx_hal_msp.c.obj
 .debug_rnglists
                0x000008fd       0x19 CMakeFiles/bandwithTest.dir/startup_stm32h743xx.s.obj
 .debug_rnglists
                0x00000916       0x13 /home/benji2004/.local/share/stm32cube/bundles/gnu-tools-for-stm32/14.3.1+st.2/bin/../lib/gcc/arm-none-eabi/14.3.1/../../../../arm-none-eabi/lib/thumb/v7e-m+dp/hard/libg_nano.a(libc_a-memset.o)
 .debug_rnglists
                0x00000929       0x13 /home/benji2004/.local/share/stm32cube/bundles/gnu-tools-for-stm32/14.3.1+st.2/bin/../lib/gcc/arm-none-eabi/14.3.1/../../../../arm-none-eabi/lib/thumb/v7e-m+dp/hard/libg_nano.a(libc_a-init.o)
 .debug_rnglists
                0x0000093c       0x13 /home/benji2004/.local/share/stm32cube/bundles/gnu-tools-for-stm32/14.3.1+st.2/bin/../lib/gcc/arm-none-eabi/14.3.1/../../../../arm-none-eabi/lib/thumb/v7e-m+dp/hard/libg_nano.a(libc_a-memcpy-stub.o)

.debug_macro    0x00000000    0x367be
 .debug_macro   0x00000000      0x284 cmake/stm32cubemx/CMakeFiles/STM32_Drivers.dir/__/__/Core/Src/system_stm32h7xx.c.obj
 .debug_macro   0x00000284      0xafc cmake/stm32cubemx/CMakeFiles/STM32_Drivers.dir/__/__/Core/Src/system_stm32h7xx.c.obj
 .debug_macro   0x00000d80       0x2e cmake/stm32cubemx/CMakeFiles/STM32_Drivers.dir/__/__/Core/Src/system_stm32h7xx.c.obj
 .debug_macro   0x00000dae       0x3b cmake/stm32cubemx/CMakeFiles/STM32_Drivers.dir/__/__/Core/Src/system_stm32h7xx.c.obj
 .debug_macro   0x00000de9       0x22 cmake/stm32cubemx/CMakeFiles/STM32_Drivers.dir/__/__/Core/Src/system_stm32h7xx.c.obj
 .debug_macro   0x00000e0b       0x8e cmake/stm32cubemx/CMakeFiles/STM32_Drivers.dir/__/__/Core/Src/system_stm32h7xx.c.obj
 .debug_macro   0x00000e99       0x51 cmake/stm32cubemx/CMakeFiles/STM32_Drivers.dir/__/__/Core/Src/system_stm32h7xx.c.obj
 .debug_macro   0x00000eea      0x103 cmake/stm32cubemx/CMakeFiles/STM32_Drivers.dir/__/__/Core/Src/system_stm32h7xx.c.obj
 .debug_macro   0x00000fed       0x6a cmake/stm32cubemx/CMakeFiles/STM32_Drivers.dir/__/__/Core/Src/system_stm32h7xx.c.obj
 .debug_macro   0x00001057      0x1df cmake/stm32cubemx/CMakeFiles/STM32_Drivers.dir/__/__/Core/Src/system_stm32h7xx.c.obj
 .debug_macro   0x00001236       0x1c cmake/stm32cubemx/CMakeFiles/STM32_Drivers.dir/__/__/Core/Src/system_stm32h7xx.c.obj
 .debug_macro   0x00001252       0x22 cmake/stm32cubemx/CMakeFiles/STM32_Drivers.dir/__/__/Core/Src/system_stm32h7xx.c.obj
 .debug_macro   0x00001274       0xfb cmake/stm32cubemx/CMakeFiles/STM32_Drivers.dir/__/__/Core/Src/system_stm32h7xx.c.obj
 .debug_macro   0x0000136f     0x1305 cmake/stm32cubemx/CMakeFiles/STM32_Drivers.dir/__/__/Core/Src/system_stm32h7xx.c.obj
 .debug_macro   0x00002674      0x11f cmake/stm32cubemx/CMakeFiles/STM32_Drivers.dir/__/__/Core/Src/system_stm32h7xx.c.obj
 .debug_macro   0x00002793       0x27 cmake/stm32cubemx/CMakeFiles/STM32_Drivers.dir/__/__/Core/Src/system_stm32h7xx.c.obj
 .debug_macro   0x000027ba    0x25b9b cmake/stm32cubemx/CMakeFiles/STM32_Drivers.dir/__/__/Core/Src/system_stm32h7xx.c.obj
 .debug_macro   0x00028355       0x6d cmake/stm32cubemx/CMakeFiles/STM32_Drivers.dir/__/__/Core/Src/system_stm32h7xx.c.obj
 .debug_macro   0x000283c2      0x232 cmake/stm32cubemx/CMakeFiles/STM32_Drivers.dir/__/__/Core/Src/system_stm32h7xx.c.obj
 .debug_macro   0x000285f4     0x3d79 cmake/stm32cubemx/CMakeFiles/STM32_Drivers.dir/__/__/Core/Src/system_stm32h7xx.c.obj
 .debug_macro   0x0002c36d      0x190 cmake/stm32cubemx/CMakeFiles/STM32_Drivers.dir/__/__/Core/Src/system_stm32h7xx.c.obj
 .debug_macro   0x0002c4fd       0x74 cmake/stm32cubemx/CMakeFiles/STM32_Drivers.dir/__/__/Core/Src/system_stm32h7xx.c.obj
 .debug_macro   0x0002c571       0x29 cmake/stm32cubemx/CMakeFiles/STM32_Drivers.dir/__/__/Core/Src/system_stm32h7xx.c.obj
 .debug_macro   0x0002c59a       0x3c cmake/stm32cubemx/CMakeFiles/STM32_Drivers.dir/__/__/Core/Src/system_stm32h7xx.c.obj
 .debug_macro   0x0002c5d6       0x34 cmake/stm32cubemx/CMakeFiles/STM32_Drivers.dir/__/__/Core/Src/system_stm32h7xx.c.obj
 .debug_macro   0x0002c60a      0x364 cmake/stm32cubemx/CMakeFiles/STM32_Drivers.dir/__/__/Core/Src/system_stm32h7xx.c.obj
 .debug_macro   0x0002c96e       0x16 cmake/stm32cubemx/CMakeFiles/STM32_Drivers.dir/__/__/Core/Src/system_stm32h7xx.c.obj
 .debug_macro   0x0002c984       0x4a cmake/stm32cubemx/CMakeFiles/STM32_Drivers.dir/__/__/Core/Src/system_stm32h7xx.c.obj
 .debug_macro   0x0002c9ce       0x34 cmake/stm32cubemx/CMakeFiles/STM32_Drivers.dir/__/__/Core/Src/system_stm32h7xx.c.obj
 .debug_macro   0x0002ca02       0x10 cmake/stm32cubemx/CMakeFiles/STM32_Drivers.dir/__/__/Core/Src/system_stm32h7xx.c.obj
 .debug_macro   0x0002ca12       0x58 cmake/stm32cubemx/CMakeFiles/STM32_Drivers.dir/__/__/Core/Src/system_stm32h7xx.c.obj
 .debug_macro   0x0002ca6a      0x1de cmake/stm32cubemx/CMakeFiles/STM32_Drivers.dir/__/__/Core/Src/system_stm32h7xx.c.obj
 .debug_macro   0x0002cc48      0x19b cmake/stm32cubemx/CMakeFiles/STM32_Drivers.dir/__/__/Core/Src/system_stm32h7xx.c.obj
 .debug_macro   0x0002cde3       0x5d cmake/stm32cubemx/CMakeFiles/STM32_Drivers.dir/__/__/Core/Src/system_stm32h7xx.c.obj
 .debug_macro   0x0002ce40     0x2382 cmake/stm32cubemx/CMakeFiles/STM32_Drivers.dir/__/__/Core/Src/system_stm32h7xx.c.obj
 .debug_macro   0x0002f1c2     0x102c cmake/stm32cubemx/CMakeFiles/STM32_Drivers.dir/__/__/Core/Src/system_stm32h7xx.c.obj
 .debug_macro   0x000301ee      0x154 cmake/stm32cubemx/CMakeFiles/STM32_Drivers.dir/__/__/Core/Src/system_stm32h7xx.c.obj
 .debug_macro   0x00030342      0x114 cmake/stm32cubemx/CMakeFiles/STM32_Drivers.dir/__/__/Core/Src/system_stm32h7xx.c.obj
 .debug_macro   0x00030456      0x3b6 cmake/stm32cubemx/CMakeFiles/STM32_Drivers.dir/__/__/Core/Src/system_stm32h7xx.c.obj
 .debug_macro   0x0003080c       0xac cmake/stm32cubemx/CMakeFiles/STM32_Drivers.dir/__/__/Core/Src/system_stm32h7xx.c.obj
 .debug_macro   0x000308b8      0x72d cmake/stm32cubemx/CMakeFiles/STM32_Drivers.dir/__/__/Core/Src/system_stm32h7xx.c.obj
 .debug_macro   0x00030fe5      0x228 cmake/stm32cubemx/CMakeFiles/STM32_Drivers.dir/__/__/Core/Src/system_stm32h7xx.c.obj
 .debug_macro   0x0003120d       0x66 cmake/stm32cubemx/CMakeFiles/STM32_Drivers.dir/__/__/Core/Src/system_stm32h7xx.c.obj
 .debug_macro   0x00031273      0x3bb cmake/stm32cubemx/CMakeFiles/STM32_Drivers.dir/__/__/Core/Src/system_stm32h7xx.c.obj
 .debug_macro   0x0003162e      0x3e4 cmake/stm32cubemx/CMakeFiles/STM32_Drivers.dir/__/__/Core/Src/system_stm32h7xx.c.obj
 .debug_macro   0x00031a12      0x275 cmake/stm32cubemx/CMakeFiles/STM32_Drivers.dir/__/__/Core/Src/system_stm32h7xx.c.obj
 .debug_macro   0x00031c87      0x3ca cmake/stm32cubemx/CMakeFiles/STM32_Drivers.dir/__/__/Core/Src/system_stm32h7xx.c.obj
 .debug_macro   0x00032051      0x408 cmake/stm32cubemx/CMakeFiles/STM32_Drivers.dir/__/__/Core/Src/system_stm32h7xx.c.obj
 .debug_macro   0x00032459       0x51 cmake/stm32cubemx/CMakeFiles/STM32_Drivers.dir/__/__/Core/Src/system_stm32h7xx.c.obj
 .debug_macro   0x000324aa       0x4a cmake/stm32cubemx/CMakeFiles/STM32_Drivers.dir/__/__/Core/Src/system_stm32h7xx.c.obj
 .debug_macro   0x000324f4      0x22c cmake/stm32cubemx/CMakeFiles/STM32_Drivers.dir/__/__/Core/Src/system_stm32h7xx.c.obj
 .debug_macro   0x00032720       0x67 cmake/stm32cubemx/CMakeFiles/STM32_Drivers.dir/__/__/Core/Src/system_stm32h7xx.c.obj
 .debug_macro   0x00032787       0xa5 cmake/stm32cubemx/CMakeFiles/STM32_Drivers.dir/__/__/Core/Src/system_stm32h7xx.c.obj
 .debug_macro   0x0003282c      0x1c4 cmake/stm32cubemx/CMakeFiles/STM32_Drivers.dir/__/__/Core/Src/system_stm32h7xx.c.obj
 .debug_macro   0x000329f0      0x25e cmake/stm32cubemx/CMakeFiles/STM32_Drivers.dir/__/__/Core/Src/system_stm32h7xx.c.obj
 .debug_macro   0x00032c4e       0x35 cmake/stm32cubemx/CMakeFiles/STM32_Drivers.dir/__/__/Core/Src/system_stm32h7xx.c.obj
 .debug_macro   0x00032c83      0x693 cmake/stm32cubemx/CMakeFiles/STM32_Drivers.dir/__/__/Core/Src/system_stm32h7xx.c.obj
 .debug_macro   0x00033316       0xa6 cmake/stm32cubemx/CMakeFiles/STM32_Drivers.dir/__/__/Core/Src/system_stm32h7xx.c.obj
 .debug_macro   0x000333bc      0x5ac cmake/stm32cubemx/CMakeFiles/STM32_Drivers.dir/__/__/Core/Src/system_stm32h7xx.c.obj
 .debug_macro   0x00033968      0x284 cmake/stm32cubemx/CMakeFiles/STM32_Drivers.dir/__/__/Drivers/STM32H7xx_HAL_Driver/Src/stm32h7xx_hal_cortex.c.obj
 .debug_macro   0x00033bec      0x2a8 cmake/stm32cubemx/CMakeFiles/STM32_Drivers.dir/__/__/Drivers/STM32H7xx_HAL_Driver/Src/stm32h7xx_hal_rcc.c.obj
 .debug_macro   0x00033e94      0x2a2 cmake/stm32cubemx/CMakeFiles/STM32_Drivers.dir/__/__/Drivers/STM32H7xx_HAL_Driver/Src/stm32h7xx_hal_rcc_ex.c.obj
 .debug_macro   0x00034136      0x28b cmake/stm32cubemx/CMakeFiles/STM32_Drivers.dir/__/__/Drivers/STM32H7xx_HAL_Driver/Src/stm32h7xx_hal_gpio.c.obj
 .debug_macro   0x000343c1      0x2d8 cmake/stm32cubemx/CMakeFiles/STM32_Drivers.dir/__/__/Drivers/STM32H7xx_HAL_Driver/Src/stm32h7xx_hal_dma.c.obj
 .debug_macro   0x00034699      0x2bd cmake/stm32cubemx/CMakeFiles/STM32_Drivers.dir/__/__/Drivers/STM32H7xx_HAL_Driver/Src/stm32h7xx_hal_pwr_ex.c.obj
 .debug_macro   0x00034956      0x2ae cmake/stm32cubemx/CMakeFiles/STM32_Drivers.dir/__/__/Drivers/STM32H7xx_HAL_Driver/Src/stm32h7xx_hal.c.obj
 .debug_macro   0x00034c04      0x292 cmake/stm32cubemx/CMakeFiles/STM32_Drivers.dir/__/__/Drivers/STM32H7xx_HAL_Driver/Src/stm32h7xx_hal_exti.c.obj
 .debug_macro   0x00034e96      0x2af cmake/stm32cubemx/CMakeFiles/STM32_Drivers.dir/__/__/Drivers/STM32H7xx_HAL_Driver/Src/stm32h7xx_hal_uart.c.obj
 .debug_macro   0x00035145      0x290 cmake/stm32cubemx/CMakeFiles/STM32_Drivers.dir/__/__/Drivers/STM32H7xx_HAL_Driver/Src/stm32h7xx_hal_uart_ex.c.obj
 .debug_macro   0x000353d5      0x2ab cmake/stm32cubemx/CMakeFiles/STM32_Drivers.dir/__/__/Drivers/BSP/STM32H7xx_Nucleo/stm32h7xx_nucleo.c.obj
 .debug_macro   0x00035680       0x28 cmake/stm32cubemx/CMakeFiles/STM32_Drivers.dir/__/__/Drivers/BSP/STM32H7xx_Nucleo/stm32h7xx_nucleo.c.obj
 .debug_macro   0x000356a8       0x52 cmake/stm32cubemx/CMakeFiles/STM32_Drivers.dir/__/__/Drivers/BSP/STM32H7xx_Nucleo/stm32h7xx_nucleo.c.obj
 .debug_macro   0x000356fa       0xc1 cmake/stm32cubemx/CMakeFiles/STM32_Drivers.dir/__/__/Drivers/BSP/STM32H7xx_Nucleo/stm32h7xx_nucleo.c.obj
 .debug_macro   0x000357bb      0x2cc CMakeFiles/bandwithTest.dir/Core/Src/main.c.obj
 .debug_macro   0x00035a87       0x2e CMakeFiles/bandwithTest.dir/Core/Src/main.c.obj
 .debug_macro   0x00035ab5       0x22 CMakeFiles/bandwithTest.dir/Core/Src/main.c.obj
 .debug_macro   0x00035ad7      0x2be CMakeFiles/bandwithTest.dir/Core/Src/gpio.c.obj
 .debug_macro   0x00035d95      0x2f2 CMakeFiles/bandwithTest.dir/Core/Src/usart.c.obj
 .debug_macro   0x00036087       0x6e CMakeFiles/bandwithTest.dir/Core/Src/usart.c.obj
 .debug_macro   0x000360f5       0x94 CMakeFiles/bandwithTest.dir/Core/Src/usart.c.obj
 .debug_macro   0x00036189       0x57 CMakeFiles/bandwithTest.dir/Core/Src/usart.c.obj
 .debug_macro   0x000361e0       0x10 CMakeFiles/bandwithTest.dir/Core/Src/usart.c.obj
 .debug_macro   0x000361f0       0x3c CMakeFiles/bandwithTest.dir/Core/Src/usart.c.obj
 .debug_macro   0x0003622c       0x20 CMakeFiles/bandwithTest.dir/Core/Src/usart.c.obj
 .debug_macro   0x0003624c      0x2be CMakeFiles/bandwithTest.dir/Core/Src/stm32h7xx_it.c.obj
 .debug_macro   0x0003650a      0x2b4 CMakeFiles/bandwithTest.dir/Core/Src/stm32h7xx_hal_msp.c.obj

.debug_line     0x00000000    0x121b5
 .debug_line    0x00000000      0x971 cmake/stm32cubemx/CMakeFiles/STM32_Drivers.dir/__/__/Core/Src/system_stm32h7xx.c.obj
 .debug_line    0x00000971      0xd34 cmake/stm32cubemx/CMakeFiles/STM32_Drivers.dir/__/__/Drivers/STM32H7xx_HAL_Driver/Src/stm32h7xx_hal_cortex.c.obj
 .debug_line    0x000016a5     0x13f1 cmake/stm32cubemx/CMakeFiles/STM32_Drivers.dir/__/__/Drivers/STM32H7xx_HAL_Driver/Src/stm32h7xx_hal_rcc.c.obj
 .debug_line    0x00002a96     0x1cfd cmake/stm32cubemx/CMakeFiles/STM32_Drivers.dir/__/__/Drivers/STM32H7xx_HAL_Driver/Src/stm32h7xx_hal_rcc_ex.c.obj
 .debug_line    0x00004793      0xbd0 cmake/stm32cubemx/CMakeFiles/STM32_Drivers.dir/__/__/Drivers/STM32H7xx_HAL_Driver/Src/stm32h7xx_hal_gpio.c.obj
 .debug_line    0x00005363     0x26c8 cmake/stm32cubemx/CMakeFiles/STM32_Drivers.dir/__/__/Drivers/STM32H7xx_HAL_Driver/Src/stm32h7xx_hal_dma.c.obj
 .debug_line    0x00007a2b      0xece cmake/stm32cubemx/CMakeFiles/STM32_Drivers.dir/__/__/Drivers/STM32H7xx_HAL_Driver/Src/stm32h7xx_hal_pwr_ex.c.obj
 .debug_line    0x000088f9      0xd4d cmake/stm32cubemx/CMakeFiles/STM32_Drivers.dir/__/__/Drivers/STM32H7xx_HAL_Driver/Src/stm32h7xx_hal.c.obj
 .debug_line    0x00009646      0xbfe cmake/stm32cubemx/CMakeFiles/STM32_Drivers.dir/__/__/Drivers/STM32H7xx_HAL_Driver/Src/stm32h7xx_hal_exti.c.obj
 .debug_line    0x0000a244     0x37d1 cmake/stm32cubemx/CMakeFiles/STM32_Drivers.dir/__/__/Drivers/STM32H7xx_HAL_Driver/Src/stm32h7xx_hal_uart.c.obj
 .debug_line    0x0000da15      0xce0 cmake/stm32cubemx/CMakeFiles/STM32_Drivers.dir/__/__/Drivers/STM32H7xx_HAL_Driver/Src/stm32h7xx_hal_uart_ex.c.obj
 .debug_line    0x0000e6f5      0xa28 cmake/stm32cubemx/CMakeFiles/STM32_Drivers.dir/__/__/Drivers/BSP/STM32H7xx_Nucleo/stm32h7xx_nucleo.c.obj
 .debug_line    0x0000f11d      0x8f4 CMakeFiles/bandwithTest.dir/Core/Src/main.c.obj
 .debug_line    0x0000fa11      0x816 CMakeFiles/bandwithTest.dir/Core/Src/gpio.c.obj
 .debug_line    0x00010227      0x91f CMakeFiles/bandwithTest.dir/Core/Src/usart.c.obj
 .debug_line    0x00010b46      0x8f6 CMakeFiles/bandwithTest.dir/Core/Src/stm32h7xx_it.c.obj
 .debug_line    0x0001143c      0x816 CMakeFiles/bandwithTest.dir/Core/Src/stm32h7xx_hal_msp.c.obj
 .debug_line    0x00011c52       0x7b CMakeFiles/bandwithTest.dir/startup_stm32h743xx.s.obj
 .debug_line    0x00011ccd      0x17e /home/benji2004/.local/share/stm32cube/bundles/gnu-tools-for-stm32/14.3.1+st.2/bin/../lib/gcc/arm-none-eabi/14.3.1/../../../../arm-none-eabi/lib/thumb/v7e-m+dp/hard/libg_nano.a(libc_a-memset.o)
 .debug_line    0x00011e4b      0x168 /home/benji2004/.local/share/stm32cube/bundles/gnu-tools-for-stm32/14.3.1+st.2/bin/../lib/gcc/arm-none-eabi/14.3.1/../../../../arm-none-eabi/lib/thumb/v7e-m+dp/hard/libg_nano.a(libc_a-init.o)
 .debug_line    0x00011fb3      0x202 /home/benji2004/.local/share/stm32cube/bundles/gnu-tools-for-stm32/14.3.1+st.2/bin/../lib/gcc/arm-none-eabi/14.3.1/../../../../arm-none-eabi/lib/thumb/v7e-m+dp/hard/libg_nano.a(libc_a-memcpy-stub.o)

.debug_str      0x00000000   0x15769c
 .debug_str     0x00000000   0x15769c cmake/stm32cubemx/CMakeFiles/STM32_Drivers.dir/__/__/Core/Src/system_stm32h7xx.c.obj
                             0x152483 (size before relaxing)
 .debug_str     0x0015769c   0x152d95 cmake/stm32cubemx/CMakeFiles/STM32_Drivers.dir/__/__/Drivers/STM32H7xx_HAL_Driver/Src/stm32h7xx_hal_cortex.c.obj
 .debug_str     0x0015769c   0x1527df cmake/stm32cubemx/CMakeFiles/STM32_Drivers.dir/__/__/Drivers/STM32H7xx_HAL_Driver/Src/stm32h7xx_hal_rcc.c.obj
 .debug_str     0x0015769c   0x152cc0 cmake/stm32cubemx/CMakeFiles/STM32_Drivers.dir/__/__/Drivers/STM32H7xx_HAL_Driver/Src/stm32h7xx_hal_rcc_ex.c.obj
 .debug_str     0x0015769c   0x1523fb cmake/stm32cubemx/CMakeFiles/STM32_Drivers.dir/__/__/Drivers/STM32H7xx_HAL_Driver/Src/stm32h7xx_hal_gpio.c.obj
 .debug_str     0x0015769c   0x152b7e cmake/stm32cubemx/CMakeFiles/STM32_Drivers.dir/__/__/Drivers/STM32H7xx_HAL_Driver/Src/stm32h7xx_hal_dma.c.obj
 .debug_str     0x0015769c   0x1528bc cmake/stm32cubemx/CMakeFiles/STM32_Drivers.dir/__/__/Drivers/STM32H7xx_HAL_Driver/Src/stm32h7xx_hal_pwr_ex.c.obj
 .debug_str     0x0015769c   0x15335a cmake/stm32cubemx/CMakeFiles/STM32_Drivers.dir/__/__/Drivers/STM32H7xx_HAL_Driver/Src/stm32h7xx_hal.c.obj
 .debug_str     0x0015769c   0x152255 cmake/stm32cubemx/CMakeFiles/STM32_Drivers.dir/__/__/Drivers/STM32H7xx_HAL_Driver/Src/stm32h7xx_hal_exti.c.obj
 .debug_str     0x0015769c   0x153320 cmake/stm32cubemx/CMakeFiles/STM32_Drivers.dir/__/__/Drivers/STM32H7xx_HAL_Driver/Src/stm32h7xx_hal_uart.c.obj
 .debug_str     0x0015769c   0x1528e0 cmake/stm32cubemx/CMakeFiles/STM32_Drivers.dir/__/__/Drivers/STM32H7xx_HAL_Driver/Src/stm32h7xx_hal_uart_ex.c.obj
 .debug_str     0x0015769c   0x153399 cmake/stm32cubemx/CMakeFiles/STM32_Drivers.dir/__/__/Drivers/BSP/STM32H7xx_Nucleo/stm32h7xx_nucleo.c.obj
 .debug_str     0x0015769c   0x15302a CMakeFiles/bandwithTest.dir/Core/Src/main.c.obj
 .debug_str     0x0015769c   0x1527cb CMakeFiles/bandwithTest.dir/Core/Src/gpio.c.obj
 .debug_str     0x0015769c   0x153b8e CMakeFiles/bandwithTest.dir/Core/Src/usart.c.obj
 .debug_str     0x0015769c   0x152c55 CMakeFiles/bandwithTest.dir/Core/Src/stm32h7xx_it.c.obj
 .debug_str     0x0015769c   0x1527cb CMakeFiles/bandwithTest.dir/Core/Src/stm32h7xx_hal_msp.c.obj
 .debug_str     0x0015769c       0x84 CMakeFiles/bandwithTest.dir/startup_stm32h743xx.s.obj
 .debug_str     0x0015769c      0x214 /home/benji2004/.local/share/stm32cube/bundles/gnu-tools-for-stm32/14.3.1+st.2/bin/../lib/gcc/arm-none-eabi/14.3.1/../../../../arm-none-eabi/lib/thumb/v7e-m+dp/hard/libg_nano.a(libc_a-memset.o)
 .debug_str     0x0015769c      0x275 /home/benji2004/.local/share/stm32cube/bundles/gnu-tools-for-stm32/14.3.1+st.2/bin/../lib/gcc/arm-none-eabi/14.3.1/../../../../arm-none-eabi/lib/thumb/v7e-m+dp/hard/libg_nano.a(libc_a-init.o)
 .debug_str     0x0015769c      0x232 /home/benji2004/.local/share/stm32cube/bundles/gnu-tools-for-stm32/14.3.1+st.2/bin/../lib/gcc/arm-none-eabi/14.3.1/../../../../arm-none-eabi/lib/thumb/v7e-m+dp/hard/libg_nano.a(libc_a-memcpy-stub.o)

.debug_frame    0x00000000     0x2cf4
 .debug_frame   0x00000000       0x6c cmake/stm32cubemx/CMakeFiles/STM32_Drivers.dir/__/__/Core/Src/system_stm32h7xx.c.obj
 .debug_frame   0x0000006c      0x4b8 cmake/stm32cubemx/CMakeFiles/STM32_Drivers.dir/__/__/Drivers/STM32H7xx_HAL_Driver/Src/stm32h7xx_hal_cortex.c.obj
 .debug_frame   0x00000524      0x1e4 cmake/stm32cubemx/CMakeFiles/STM32_Drivers.dir/__/__/Drivers/STM32H7xx_HAL_Driver/Src/stm32h7xx_hal_rcc.c.obj
 .debug_frame   0x00000708      0x3d4 cmake/stm32cubemx/CMakeFiles/STM32_Drivers.dir/__/__/Drivers/STM32H7xx_HAL_Driver/Src/stm32h7xx_hal_rcc_ex.c.obj
 .debug_frame   0x00000adc      0x130 cmake/stm32cubemx/CMakeFiles/STM32_Drivers.dir/__/__/Drivers/STM32H7xx_HAL_Driver/Src/stm32h7xx_hal_gpio.c.obj
 .debug_frame   0x00000c0c      0x290 cmake/stm32cubemx/CMakeFiles/STM32_Drivers.dir/__/__/Drivers/STM32H7xx_HAL_Driver/Src/stm32h7xx_hal_dma.c.obj
 .debug_frame   0x00000e9c      0x500 cmake/stm32cubemx/CMakeFiles/STM32_Drivers.dir/__/__/Drivers/STM32H7xx_HAL_Driver/Src/stm32h7xx_hal_pwr_ex.c.obj
 .debug_frame   0x0000139c      0x5e8 cmake/stm32cubemx/CMakeFiles/STM32_Drivers.dir/__/__/Drivers/STM32H7xx_HAL_Driver/Src/stm32h7xx_hal.c.obj
 .debug_frame   0x00001984      0x154 cmake/stm32cubemx/CMakeFiles/STM32_Drivers.dir/__/__/Drivers/STM32H7xx_HAL_Driver/Src/stm32h7xx_hal_exti.c.obj
 .debug_frame   0x00001ad8      0xa18 cmake/stm32cubemx/CMakeFiles/STM32_Drivers.dir/__/__/Drivers/STM32H7xx_HAL_Driver/Src/stm32h7xx_hal_uart.c.obj
 .debug_frame   0x000024f0      0x29c cmake/stm32cubemx/CMakeFiles/STM32_Drivers.dir/__/__/Drivers/STM32H7xx_HAL_Driver/Src/stm32h7xx_hal_uart_ex.c.obj
 .debug_frame   0x0000278c      0x1d4 cmake/stm32cubemx/CMakeFiles/STM32_Drivers.dir/__/__/Drivers/BSP/STM32H7xx_Nucleo/stm32h7xx_nucleo.c.obj
 .debug_frame   0x00002960       0x8c CMakeFiles/bandwithTest.dir/Core/Src/main.c.obj
 .debug_frame   0x000029ec       0x34 CMakeFiles/bandwithTest.dir/Core/Src/gpio.c.obj
 .debug_frame   0x00002a20       0x9c CMakeFiles/bandwithTest.dir/Core/Src/usart.c.obj
 .debug_frame   0x00002abc      0x130 CMakeFiles/bandwithTest.dir/Core/Src/stm32h7xx_it.c.obj
 .debug_frame   0x00002bec       0x34 CMakeFiles/bandwithTest.dir/Core/Src/stm32h7xx_hal_msp.c.obj
 .debug_frame   0x00002c20       0x2c /home/benji2004/.local/share/stm32cube/bundles/gnu-tools-for-stm32/14.3.1+st.2/bin/../lib/gcc/arm-none-eabi/14.3.1/thumb/v7e-m+dp/hard/libgcc.a(_aeabi_uldivmod.o)
 .debug_frame   0x00002c4c       0x34 /home/benji2004/.local/share/stm32cube/bundles/gnu-tools-for-stm32/14.3.1+st.2/bin/../lib/gcc/arm-none-eabi/14.3.1/thumb/v7e-m+dp/hard/libgcc.a(_udivmoddi4.o)
 .debug_frame   0x00002c80       0x20 /home/benji2004/.local/share/stm32cube/bundles/gnu-tools-for-stm32/14.3.1+st.2/bin/../lib/gcc/arm-none-eabi/14.3.1/../../../../arm-none-eabi/lib/thumb/v7e-m+dp/hard/libg_nano.a(libc_a-memset.o)
 .debug_frame   0x00002ca0       0x2c /home/benji2004/.local/share/stm32cube/bundles/gnu-tools-for-stm32/14.3.1+st.2/bin/../lib/gcc/arm-none-eabi/14.3.1/../../../../arm-none-eabi/lib/thumb/v7e-m+dp/hard/libg_nano.a(libc_a-init.o)
 .debug_frame   0x00002ccc       0x28 /home/benji2004/.local/share/stm32cube/bundles/gnu-tools-for-stm32/14.3.1+st.2/bin/../lib/gcc/arm-none-eabi/14.3.1/../../../../arm-none-eabi/lib/thumb/v7e-m+dp/hard/libg_nano.a(libc_a-memcpy-stub.o)

.debug_line_str
                0x00000000       0x68
 .debug_line_str
                0x00000000       0x68 CMakeFiles/bandwithTest.dir/startup_stm32h743xx.s.obj

.debug_loclists
                0x00000000      0x14e
 .debug_loclists
                0x00000000       0x4d /home/benji2004/.local/share/stm32cube/bundles/gnu-tools-for-stm32/14.3.1+st.2/bin/../lib/gcc/arm-none-eabi/14.3.1/../../../../arm-none-eabi/lib/thumb/v7e-m+dp/hard/libg_nano.a(libc_a-memset.o)
 .debug_loclists
                0x0000004d       0x54 /home/benji2004/.local/share/stm32cube/bundles/gnu-tools-for-stm32/14.3.1+st.2/bin/../lib/gcc/arm-none-eabi/14.3.1/../../../../arm-none-eabi/lib/thumb/v7e-m+dp/hard/libg_nano.a(libc_a-init.o)
 .debug_loclists
                0x000000a1       0xad /home/benji2004/.local/share/stm32cube/bundles/gnu-tools-for-stm32/14.3.1+st.2/bin/../lib/gcc/arm-none-eabi/14.3.1/../../../../arm-none-eabi/lib/thumb/v7e-m+dp/hard/libg_nano.a(libc_a-memcpy-stub.o)
